---
source: tests/vni.rs
expression: snapshot_transform (contents)
info:
  input_file: "../testdata/input/all_vni.txt"
---
a
ai
am
an
ang
anh
ao
au
ay
ba
bai
bam
ban
bang
banh
bao
bau
bay
be
bem
ben
beng
beo
bèo
béo
bẽo
bẹo
bẻo
bi
bia
bim
bin
binh
biu
biêm
biên
biêng
biêu
biếc
biếm
biến
biếng
biếp
biết
biếu
biềm
biền
biềng
biều
biểm
biển
biểng
biểu
biễm
biễn
biễng
biễu
biệc
biệm
biện
biệng
biệp
biệt
biệu
bo
boa
boai
boam
boan
boang
boanh
boay
boe
boem
boen
boi
bom
bon
bong
boà
boài
boàm
boàn
boàng
boành
boày
boá
boác
boách
boái
boám
boán
boáng
boánh
boáp
boát
boáy
boã
boãi
boãm
boãn
boãng
boãnh
boãy
boạ
boạc
boạch
boại
boạm
boạn
boạng
boạnh
boạp
boạt
boạy
boả
boải
boảm
boản
boảng
boảnh
boảy
bu
bua
bui
bum
bun
bung
buy
buyn
buynh
buyên
buyến
buyết
buyền
buyển
buyễn
buyện
buyệt
buân
buây
buê
buênh
buôi
buôm
buôn
buông
buý
buấn
buất
buấy
buần
buầy
buẩn
buẩy
buẫn
buẫy
buận
buật
buậy
buế
buếch
buếnh
buết
buề
buềnh
buể
buểnh
buễ
buễnh
buệ
buệch
buệnh
buệt
buốc
buối
buốm
buốn
buống
buốt
buồi
buồm
buồn
buồng
buổi
buổm
buổn
buổng
buỗi
buỗm
buỗn
buỗng
buộc
buội
buộm
buộn
buộng
buột
buỳ
buỵ
buỷ
buỹ
by
bya
bynh
bya2
bya1
bya4
byêm
byên
byêng
byêu
bya5
bya3
byếm
byến
byếng
byếp
byết
byếu
byềm
byền
byềng
byều
byểm
byển
byểng
byểu
byễm
byễn
byễng
byễu
byệm
byện
byệng
byệp
byệt
byệu
bà
bài
bàm
bàn
bàng
bành
bào
bàu
bày
bá
bác
bách
bái
bám
bán
báng
bánh
báo
báp
bát
báu
báy
bâ
bâm
bân
bâng
bâu
bây
bã
bãi
bãm
bãn
bãng
bãnh
bão
bãu
bãy
bè
bèm
bèn
bèng
bé
béc
bém
bén
béng
bép
bét
bê
bêm
bên
bênh
bêu
bì
bìa
bìm
bìn
bình
bìu
bí
bía
bích
bím
bín
bính
bíp
bít
bíu
bò
boè
boèm
boèn
bòi
bòm
bòn
bòng
bó
bóc
boé
boém
boén
bói
bóm
bón
bóng
bóp
bót
bô
bôi
bôm
bôn
bông
bõ
boẽ
boẽm
boẽn
bõi
bõm
bõn
bõng
bù
bùa
bùi
bùm
bùn
bùng
buỳn
buỳnh
bú
búa
búc
búi
buích
búm
bún
búng
búp
bút
buýn
buýnh
buýp
buýt
bý
bých
býnh
bă
băm
băn
băng
bĩ
bĩa
bĩm
bĩn
bĩnh
bĩu
bũ
bũa
bũi
bũm
bũn
bũng
buỹn
buỹnh
bơ
bơi
bơm
bơn
bư
bưa
bưi
bưm
bưn
bưng
bưu
bươi
bươm
bươn
bương
bước
bưới
bướm
bướn
bướng
bướp
bướt
bười
bườm
bườn
bường
bưởi
bưởm
bưởn
bưởng
bưỡi
bưỡm
bưỡn
bưỡng
bược
bượi
bượm
bượn
bượng
bượp
bượt
bạ
bạc
bạch
bại
bạm
bạn
bạng
bạnh
bạo
bạp
bạt
bạu
bạy
bả
bải
bảm
bản
bảng
bảnh
bảo
bảu
bảy
bấ
bấc
bấm
bấn
bấng
bấp
bất
bấu
bấy
bầ
bầm
bần
bầng
bầu
bầy
bẩ
bẩm
bẩn
bẩng
bẩu
bẩy
bẫ
bẫm
bẫn
bẫng
bẫu
bẫy
bậ
bậc
bậm
bận
bậng
bập
bật
bậu
bậy
bắ
bắc
bắm
bắn
bắng
bắp
bắt
bằ
bằm
bằn
bằng
bẳ
bẳm
bẳn
bẳng
bẵ
bẵm
bẵn
bẵng
bặ
bặc
bặm
bặn
bặng
bặp
bặt
bẹ
bẹc
bẹm
bẹn
bẹng
bẹp
bẹt
bẻ
bẻm
bẻn
bẻng
bẽ
bẽm
bẽn
bẽng
bế
bếch
bếm
bến
bếnh
bếp
bết
bếu
bề
bềm
bền
bềnh
bều
bể
bểm
bển
bểnh
bểu
bễ
bễm
bễn
bễnh
bễu
bệ
bệch
bệm
bện
bệnh
bệp
bệt
bệu
bỉ
bỉa
bỉm
bỉn
bỉnh
bỉu
bị
bịa
bịch
bịm
bịn
bịnh
bịp
bịt
bịu
bọ
bọc
boẹ
boẹm
boẹn
bọi
bọm
bọn
bọng
bọp
bọt
bỏ
boẻ
boẻm
boẻn
bỏi
bỏm
bỏn
bỏng
bố
bốc
bối
bốm
bốn
bống
bốp
bốt
bồ
bồi
bồm
bồn
bồng
bổ
bổi
bổm
bổn
bổng
bỗ
bỗi
bỗm
bỗn
bỗng
bộ
bộc
bội
bộm
bộn
bộng
bộp
bột
bớ
bới
bớm
bớn
bớp
bớt
bờ
bời
bờm
bờn
bở
bởi
bởm
bởn
bỡ
bỡi
bỡm
bỡn
bợ
bợi
bợm
bợn
bợp
bợt
bụ
bụa
bục
bụi
buịch
bụm
bụn
bụng
bụp
bụt
buỵn
buỵnh
buỵp
buỵt
bủ
bủa
bủi
bủm
bủn
bủng
buỷn
buỷnh
bứ
bứa
bức
bứi
bứm
bứn
bứng
bứp
bứt
bứu
bừ
bừa
bừi
bừm
bừn
bừng
bừu
bử
bửa
bửi
bửm
bửn
bửng
bửu
bữ
bữa
bữi
bữm
bữn
bững
bữu
bự
bựa
bực
bựi
bựm
bựn
bựng
bựp
bựt
bựu
bỳ
bỳnh
bỵ
bỵch
bỵnh
bỷ
bỷnh
bỹ
bỹnh
ca
cai
cam
can
cang
canh
cao
cau
cay
cha
chai
cham
chan
chang
chanh
chao
chau
chay
che
chem
chen
cheng
cheo
chèo
chéo
chẽo
chẹo
chẻo
chi
chia
chim
chin
chinh
chiu
chiêm
chiên
chiêng
chiêu
chiếc
chiếm
chiến
chiếng
chiếp
chiết
chiếu
chiềm
chiền
chiềng
chiều
chiểm
chiển
chiểng
chiểu
chiễm
chiễn
chiễng
chiễu
chiệc
chiệm
chiện
chiệng
chiệp
chiệt
chiệu
cho
choa
choai
choam
choan
choang
choanh
choay
choe
choem
choen
choi
chom
chon
chong
choà
choài
choàm
choàn
choàng
choành
choày
choá
choác
choách
choái
choám
choán
choáng
choánh
choáp
choát
choáy
choã
choãi
choãm
choãn
choãng
choãnh
choãy
choạ
choạc
choạch
choại
choạm
choạn
choạng
choạnh
choạp
choạt
choạy
choả
choải
choảm
choản
choảng
choảnh
choảy
chu
chua
chui
chum
chun
chung
chuy
chuyn
chuynh
chuyên
chuyến
chuyết
chuyền
chuyển
chuyễn
chuyện
chuyệt
chuân
chuây
chuê
chuênh
chuôi
chuôm
chuôn
chuông
chuý
chuấn
chuất
chuấy
chuần
chuầy
chuẩn
chuẩy
chuẫn
chuẫy
chuận
chuật
chuậy
chuế
chuếch
chuếnh
chuết
chuề
chuềnh
chuể
chuểnh
chuễ
chuễnh
chuệ
chuệch
chuệnh
chuệt
chuốc
chuối
chuốm
chuốn
chuống
chuốt
chuồi
chuồm
chuồn
chuồng
chuổi
chuổm
chuổn
chuổng
chuỗi
chuỗm
chuỗn
chuỗng
chuộc
chuội
chuộm
chuộn
chuộng
chuột
chuỳ
chuỵ
chuỷ
chuỹ
chy
chya
chynh
chya2
chya1
chya4
chyêm
chyên
chyêng
chyêu
chya5
chya3
chyếm
chyến
chyếng
chyếp
chyết
chyếu
chyềm
chyền
chyềng
chyều
chyểm
chyển
chyểng
chyểu
chyễm
chyễn
chyễng
chyễu
chyệm
chyện
chyệng
chyệp
chyệt
chyệu
chà
chài
chàm
chàn
chàng
chành
chào
chàu
chày
chá
chác
chách
chái
chám
chán
cháng
chánh
cháo
cháp
chát
cháu
cháy
châ
châm
chân
châng
châu
chây
chã
chãi
chãm
chãn
chãng
chãnh
chão
chãu
chãy
chè
chèm
chèn
chèng
ché
chéc
chém
chén
chéng
chép
chét
chê
chêm
chên
chênh
chêu
chì
chìa
chìm
chìn
chình
chìu
chí
chía
chích
chím
chín
chính
chíp
chít
chíu
chò
choè
choèm
choèn
chòi
chòm
chòn
chòng
chó
chóc
choé
choém
choén
chói
chóm
chón
chóng
chóp
chót
chô
chôi
chôm
chôn
chông
chõ
choẽ
choẽm
choẽn
chõi
chõm
chõn
chõng
chù
chùa
chùi
chùm
chùn
chùng
chuỳn
chuỳnh
chú
chúa
chúc
chúi
chuích
chúm
chún
chúng
chúp
chút
chuýn
chuýnh
chuýp
chuýt
chý
chých
chýnh
chă
chăm
chăn
chăng
chĩ
chĩa
chĩm
chĩn
chĩnh
chĩu
chũ
chũa
chũi
chũm
chũn
chũng
chuỹn
chuỹnh
chơ
chơi
chơm
chơn
chư
chưa
chưi
chưm
chưn
chưng
chưu
chươi
chươm
chươn
chương
chước
chưới
chướm
chướn
chướng
chướp
chướt
chười
chườm
chườn
chường
chưởi
chưởm
chưởn
chưởng
chưỡi
chưỡm
chưỡn
chưỡng
chược
chượi
chượm
chượn
chượng
chượp
chượt
chạ
chạc
chạch
chại
chạm
chạn
chạng
chạnh
chạo
chạp
chạt
chạu
chạy
chả
chải
chảm
chản
chảng
chảnh
chảo
chảu
chảy
chấ
chấc
chấm
chấn
chấng
chấp
chất
chấu
chấy
chầ
chầm
chần
chầng
chầu
chầy
chẩ
chẩm
chẩn
chẩng
chẩu
chẩy
chẫ
chẫm
chẫn
chẫng
chẫu
chẫy
chậ
chậc
chậm
chận
chậng
chập
chật
chậu
chậy
chắ
chắc
chắm
chắn
chắng
chắp
chắt
chằ
chằm
chằn
chằng
chẳ
chẳm
chẳn
chẳng
chẵ
chẵm
chẵn
chẵng
chặ
chặc
chặm
chặn
chặng
chặp
chặt
chẹ
chẹc
chẹm
chẹn
chẹng
chẹp
chẹt
chẻ
chẻm
chẻn
chẻng
chẽ
chẽm
chẽn
chẽng
chế
chếch
chếm
chến
chếnh
chếp
chết
chếu
chề
chềm
chền
chềnh
chều
chể
chểm
chển
chểnh
chểu
chễ
chễm
chễn
chễnh
chễu
chệ
chệch
chệm
chện
chệnh
chệp
chệt
chệu
chỉ
chỉa
chỉm
chỉn
chỉnh
chỉu
chị
chịa
chịch
chịm
chịn
chịnh
chịp
chịt
chịu
chọ
chọc
choẹ
choẹm
choẹn
chọi
chọm
chọn
chọng
chọp
chọt
chỏ
choẻ
choẻm
choẻn
chỏi
chỏm
chỏn
chỏng
chố
chốc
chối
chốm
chốn
chống
chốp
chốt
chồ
chồi
chồm
chồn
chồng
chổ
chổi
chổm
chổn
chổng
chỗ
chỗi
chỗm
chỗn
chỗng
chộ
chộc
chội
chộm
chộn
chộng
chộp
chột
chớ
chới
chớm
chớn
chớp
chớt
chờ
chời
chờm
chờn
chở
chởi
chởm
chởn
chỡ
chỡi
chỡm
chỡn
chợ
chợi
chợm
chợn
chợp
chợt
chụ
chụa
chục
chụi
chuịch
chụm
chụn
chụng
chụp
chụt
chuỵn
chuỵnh
chuỵp
chuỵt
chủ
chủa
chủi
chủm
chủn
chủng
chuỷn
chuỷnh
chứ
chứa
chức
chứi
chứm
chứn
chứng
chứp
chứt
chứu
chừ
chừa
chừi
chừm
chừn
chừng
chừu
chử
chửa
chửi
chửm
chửn
chửng
chửu
chữ
chữa
chữi
chữm
chữn
chững
chữu
chự
chựa
chực
chựi
chựm
chựn
chựng
chựp
chựt
chựu
chỳ
chỳnh
chỵ
chỵch
chỵnh
chỷ
chỷnh
chỹ
chỹnh
co
coa
coai
coam
coan
coang
coanh
coay
coe
coem
coen
coi
com
con
cong
coà
coài
coàm
coàn
coàng
coành
coày
coá
coác
coách
coái
coám
coán
coáng
coánh
coáp
coát
coáy
coã
coãi
coãm
coãn
coãng
coãnh
coãy
coạ
coạc
coạch
coại
coạm
coạn
coạng
coạnh
coạp
coạt
coạy
coả
coải
coảm
coản
coảng
coảnh
coảy
cu
cua
cui
cum
cun
cung
cuy
cuyn
cuynh
cuyên
cuyến
cuyết
cuyền
cuyển
cuyễn
cuyện
cuyệt
cuân
cuây
cuê
cuênh
cuôi
cuôm
cuôn
cuông
cuý
cuấn
cuất
cuấy
cuần
cuầy
cuẩn
cuẩy
cuẫn
cuẫy
cuận
cuật
cuậy
cuế
cuếch
cuếnh
cuết
cuề
cuềnh
cuể
cuểnh
cuễ
cuễnh
cuệ
cuệch
cuệnh
cuệt
cuốc
cuối
cuốm
cuốn
cuống
cuốt
cuồi
cuồm
cuồn
cuồng
cuổi
cuổm
cuổn
cuổng
cuỗi
cuỗm
cuỗn
cuỗng
cuộc
cuội
cuộm
cuộn
cuộng
cuột
cuỳ
cuỵ
cuỷ
cuỹ
cà
cài
càm
càn
càng
cành
cào
càu
cày
cá
các
cách
cái
cám
cán
cáng
cánh
cáo
cáp
cát
cáu
cáy
câ
câm
cân
câng
câu
cây
cã
cãi
cãm
cãn
cãng
cãnh
cão
cãu
cãy
cò
coè
coèm
coèn
còi
còm
còn
còng
có
cóc
coé
coém
coén
cói
cóm
cón
cóng
cóp
cót
cô
côi
côm
côn
công
cõ
coẽ
coẽm
coẽn
cõi
cõm
cõn
cõng
cù
cùa
cùi
cùm
cùn
cùng
cuỳn
cuỳnh
cú
cúa
cúc
cúi
cuích
cúm
cún
cúng
cúp
cút
cuýn
cuýnh
cuýp
cuýt
că
căm
căn
căng
cũ
cũa
cũi
cũm
cũn
cũng
cuỹn
cuỹnh
cơ
cơi
cơm
cơn
cư
cưa
cưi
cưm
cưn
cưng
cưu
cươi
cươm
cươn
cương
cước
cưới
cướm
cướn
cướng
cướp
cướt
cười
cườm
cườn
cường
cưởi
cưởm
cưởn
cưởng
cưỡi
cưỡm
cưỡn
cưỡng
cược
cượi
cượm
cượn
cượng
cượp
cượt
cạ
cạc
cạch
cại
cạm
cạn
cạng
cạnh
cạo
cạp
cạt
cạu
cạy
cả
cải
cảm
cản
cảng
cảnh
cảo
cảu
cảy
cấ
cấc
cấm
cấn
cấng
cấp
cất
cấu
cấy
cầ
cầm
cần
cầng
cầu
cầy
cẩ
cẩm
cẩn
cẩng
cẩu
cẩy
cẫ
cẫm
cẫn
cẫng
cẫu
cẫy
cậ
cậc
cậm
cận
cậng
cập
cật
cậu
cậy
cắ
cắc
cắm
cắn
cắng
cắp
cắt
cằ
cằm
cằn
cằng
cẳ
cẳm
cẳn
cẳng
cẵ
cẵm
cẵn
cẵng
cặ
cặc
cặm
cặn
cặng
cặp
cặt
cọ
cọc
coẹ
coẹm
coẹn
cọi
cọm
cọn
cọng
cọp
cọt
cỏ
coẻ
coẻm
coẻn
cỏi
cỏm
cỏn
cỏng
cố
cốc
cối
cốm
cốn
cống
cốp
cốt
cồ
cồi
cồm
cồn
cồng
cổ
cổi
cổm
cổn
cổng
cỗ
cỗi
cỗm
cỗn
cỗng
cộ
cộc
cội
cộm
cộn
cộng
cộp
cột
cớ
cới
cớm
cớn
cớp
cớt
cờ
cời
cờm
cờn
cở
cởi
cởm
cởn
cỡ
cỡi
cỡm
cỡn
cợ
cợi
cợm
cợn
cợp
cợt
cụ
cụa
cục
cụi
cuịch
cụm
cụn
cụng
cụp
cụt
cuỵn
cuỵnh
cuỵp
cuỵt
củ
của
củi
củm
củn
củng
cuỷn
cuỷnh
cứ
cứa
cức
cứi
cứm
cứn
cứng
cứp
cứt
cứu
cừ
cừa
cừi
cừm
cừn
cừng
cừu
cử
cửa
cửi
cửm
cửn
cửng
cửu
cữ
cữa
cữi
cữm
cữn
cững
cữu
cự
cựa
cực
cựi
cựm
cựn
cựng
cựp
cựt
cựu
da
dai
dam
dan
dang
danh
dao
dau
day
de
dem
den
deng
deo
dèo
déo
dẽo
dẹo
dẻo
di
dia
dim
din
dinh
diu
diêm
diên
diêng
diêu
diếc
diếm
diến
diếng
diếp
diết
diếu
diềm
diền
diềng
diều
diểm
diển
diểng
diểu
diễm
diễn
diễng
diễu
diệc
diệm
diện
diệng
diệp
diệt
diệu
do
doa
doai
doam
doan
doang
doanh
doay
doe
doem
doen
doi
dom
don
dong
doà
doài
doàm
doàn
doàng
doành
doày
doá
doác
doách
doái
doám
doán
doáng
doánh
doáp
doát
doáy
doã
doãi
doãm
doãn
doãng
doãnh
doãy
doạ
doạc
doạch
doại
doạm
doạn
doạng
doạnh
doạp
doạt
doạy
doả
doải
doảm
doản
doảng
doảnh
doảy
du
dua
dui
dum
dun
dung
duy
duyn
duynh
duyên
duyến
duyết
duyền
duyển
duyễn
duyện
duyệt
duân
duây
duê
duênh
duôi
duôm
duôn
duông
duý
duấn
duất
duấy
duần
duầy
duẩn
duẩy
duẫn
duẫy
duận
duật
duậy
duế
duếch
duếnh
duết
duề
duềnh
duể
duểnh
duễ
duễnh
duệ
duệch
duệnh
duệt
duốc
duối
duốm
duốn
duống
duốt
duồi
duồm
duồn
duồng
duổi
duổm
duổn
duổng
duỗi
duỗm
duỗn
duỗng
duộc
duội
duộm
duộn
duộng
duột
duỳ
duỵ
duỷ
duỹ
dy
dya
dynh
dya2
dya1
dya4
dyêm
dyên
dyêng
dyêu
dya5
dya3
dyếm
dyến
dyếng
dyếp
dyết
dyếu
dyềm
dyền
dyềng
dyều
dyểm
dyển
dyểng
dyểu
dyễm
dyễn
dyễng
dyễu
dyệm
dyện
dyệng
dyệp
dyệt
dyệu
dà
dài
dàm
dàn
dàng
dành
dào
dàu
dày
dá
dác
dách
dái
dám
dán
dáng
dánh
dáo
dáp
dát
dáu
dáy
dâ
dâm
dân
dâng
dâu
dây
dã
dãi
dãm
dãn
dãng
dãnh
dão
dãu
dãy
dè
dèm
dèn
dèng
dé
déc
dém
dén
déng
dép
dét
dê
dêm
dên
dênh
dêu
dì
dìa
dìm
dìn
dình
dìu
dí
día
dích
dím
dín
dính
díp
dít
díu
dò
doè
doèm
doèn
dòi
dòm
dòn
dòng
dó
dóc
doé
doém
doén
dói
dóm
dón
dóng
dóp
dót
dô
dôi
dôm
dôn
dông
dõ
doẽ
doẽm
doẽn
dõi
dõm
dõn
dõng
dù
dùa
dùi
dùm
dùn
dùng
duỳn
duỳnh
dú
dúa
dúc
dúi
duích
dúm
dún
dúng
dúp
dút
duýn
duýnh
duýp
duýt
dý
dých
dýnh
dă
dăm
dăn
dăng
dĩ
dĩa
dĩm
dĩn
dĩnh
dĩu
dũ
dũa
dũi
dũm
dũn
dũng
duỹn
duỹnh
dơ
dơi
dơm
dơn
dư
dưa
dưi
dưm
dưn
dưng
dưu
dươi
dươm
dươn
dương
dước
dưới
dướm
dướn
dướng
dướp
dướt
dười
dườm
dườn
dường
dưởi
dưởm
dưởn
dưởng
dưỡi
dưỡm
dưỡn
dưỡng
dược
dượi
dượm
dượn
dượng
dượp
dượt
dạ
dạc
dạch
dại
dạm
dạn
dạng
dạnh
dạo
dạp
dạt
dạu
dạy
dả
dải
dảm
dản
dảng
dảnh
dảo
dảu
dảy
dấ
dấc
dấm
dấn
dấng
dấp
dất
dấu
dấy
dầ
dầm
dần
dầng
dầu
dầy
dẩ
dẩm
dẩn
dẩng
dẩu
dẩy
dẫ
dẫm
dẫn
dẫng
dẫu
dẫy
dậ
dậc
dậm
dận
dậng
dập
dật
dậu
dậy
dắ
dắc
dắm
dắn
dắng
dắp
dắt
dằ
dằm
dằn
dằng
dẳ
dẳm
dẳn
dẳng
dẵ
dẵm
dẵn
dẵng
dặ
dặc
dặm
dặn
dặng
dặp
dặt
dẹ
dẹc
dẹm
dẹn
dẹng
dẹp
dẹt
dẻ
dẻm
dẻn
dẻng
dẽ
dẽm
dẽn
dẽng
dế
dếch
dếm
dến
dếnh
dếp
dết
dếu
dề
dềm
dền
dềnh
dều
dể
dểm
dển
dểnh
dểu
dễ
dễm
dễn
dễnh
dễu
dệ
dệch
dệm
dện
dệnh
dệp
dệt
dệu
dỉ
dỉa
dỉm
dỉn
dỉnh
dỉu
dị
dịa
dịch
dịm
dịn
dịnh
dịp
dịt
dịu
dọ
dọc
doẹ
doẹm
doẹn
dọi
dọm
dọn
dọng
dọp
dọt
dỏ
doẻ
doẻm
doẻn
dỏi
dỏm
dỏn
dỏng
dố
dốc
dối
dốm
dốn
dống
dốp
dốt
dồ
dồi
dồm
dồn
dồng
dổ
dổi
dổm
dổn
dổng
dỗ
dỗi
dỗm
dỗn
dỗng
dộ
dộc
dội
dộm
dộn
dộng
dộp
dột
dớ
dới
dớm
dớn
dớp
dớt
dờ
dời
dờm
dờn
dở
dởi
dởm
dởn
dỡ
dỡi
dỡm
dỡn
dợ
dợi
dợm
dợn
dợp
dợt
dụ
dụa
dục
dụi
duịch
dụm
dụn
dụng
dụp
dụt
duỵn
duỵnh
duỵp
duỵt
dủ
dủa
dủi
dủm
dủn
dủng
duỷn
duỷnh
dứ
dứa
dức
dứi
dứm
dứn
dứng
dứp
dứt
dứu
dừ
dừa
dừi
dừm
dừn
dừng
dừu
dử
dửa
dửi
dửm
dửn
dửng
dửu
dữ
dữa
dữi
dữm
dữn
dững
dữu
dự
dựa
dực
dựi
dựm
dựn
dựng
dựp
dựt
dựu
dỳ
dỳnh
dỵ
dỵch
dỵnh
dỷ
dỷnh
dỹ
dỹnh
e
em
en
eng
eo
èo
éo
ẽo
ẹo
ẻo
ga
gai
gam
gan
gang
ganh
gao
gau
gay
ghe
ghem
ghen
gheng
gheo
ghèo
ghéo
ghẽo
ghẹo
ghẻo
ghi
ghia
ghim
ghin
ghinh
ghiu
ghiêm
ghiên
ghiêng
ghiêu
ghiếc
ghiếm
ghiến
ghiếng
ghiếp
ghiết
ghiếu
ghiềm
ghiền
ghiềng
ghiều
ghiểm
ghiển
ghiểng
ghiểu
ghiễm
ghiễn
ghiễng
ghiễu
ghiệc
ghiệm
ghiện
ghiệng
ghiệp
ghiệt
ghiệu
ghy
ghya
ghynh
ghya2
ghya1
ghya4
ghyêm
ghyên
ghyêng
ghyêu
ghya5
ghya3
ghyếm
ghyến
ghyếng
ghyếp
ghyết
ghyếu
ghyềm
ghyền
ghyềng
ghyều
ghyểm
ghyển
ghyểng
ghyểu
ghyễm
ghyễn
ghyễng
ghyễu
ghyệm
ghyện
ghyệng
ghyệp
ghyệt
ghyệu
ghè
ghèm
ghèn
ghèng
ghé
ghéc
ghém
ghén
ghéng
ghép
ghét
ghê
ghêm
ghên
ghênh
ghêu
ghì
ghìa
ghìm
ghìn
ghình
ghìu
ghí
ghía
ghích
ghím
ghín
ghính
ghíp
ghít
ghíu
ghý
ghých
ghýnh
ghĩ
ghĩa
ghĩm
ghĩn
ghĩnh
ghĩu
ghẹ
ghẹc
ghẹm
ghẹn
ghẹng
ghẹp
ghẹt
ghẻ
ghẻm
ghẻn
ghẻng
ghẽ
ghẽm
ghẽn
ghẽng
ghế
ghếch
ghếm
ghến
ghếnh
ghếp
ghết
ghếu
ghề
ghềm
ghền
ghềnh
ghều
ghể
ghểm
ghển
ghểnh
ghểu
ghễ
ghễm
ghễn
ghễnh
ghễu
ghệ
ghệch
ghệm
ghện
ghệnh
ghệp
ghệt
ghệu
ghỉ
ghỉa
ghỉm
ghỉn
ghỉnh
ghỉu
ghị
ghịa
ghịch
ghịm
ghịn
ghịnh
ghịp
ghịt
ghịu
ghỳ
ghỳnh
ghỵ
ghỵch
ghỵnh
ghỷ
ghỷnh
ghỹ
ghỹnh
gia
giai
giam
gian
giang
gianh
giao
giau
giay
gie
giem
gien
gieng
gieo
gièo
giéo
giẽo
giẹo
giẻo
gio
gioa
gioai
gioam
gioan
gioang
gioanh
gioay
gioe
gioem
gioen
gioi
giom
gion
giong
gioà
gioài
gioàm
gioàn
gioàng
gioành
gioày
gioá
gioác
gioách
gioái
gioám
gioán
gioáng
gioánh
gioáp
gioát
gioáy
gioã
gioãi
gioãm
gioãn
gioãng
gioãnh
gioãy
gioạ
gioạc
gioạch
gioại
gioạm
gioạn
gioạng
gioạnh
gioạp
gioạt
gioạy
gioả
gioải
gioảm
gioản
gioảng
gioảnh
gioảy
giu
giua
giui
gium
giun
giung
giuy
giuyn
giuynh
giuyên
giuyến
giuyết
giuyền
giuyển
giuyễn
giuyện
giuyệt
giuân
giuây
giuê
giuênh
giuôi
giuôm
giuôn
giuông
giuý
giuấn
giuất
giuấy
giuần
giuầy
giuẩn
giuẩy
giuẫn
giuẫy
giuận
giuật
giuậy
giuế
giuếch
giuếnh
giuết
giuề
giuềnh
giuể
giuểnh
giuễ
giuễnh
giuệ
giuệch
giuệnh
giuệt
giuốc
giuối
giuốm
giuốn
giuống
giuốt
giuồi
giuồm
giuồn
giuồng
giuổi
giuổm
giuổn
giuổng
giuỗi
giuỗm
giuỗn
giuỗng
giuộc
giuội
giuộm
giuộn
giuộng
giuột
giuỳ
giuỵ
giuỷ
giuỹ
giy
giya
giynh
giya2
giya1
giya4
giyêm
giyên
giyêng
giyêu
giya5
giya3
giyếm
giyến
giyếng
giyếp
giyết
giyếu
giyềm
giyền
giyềng
giyều
giyểm
giyển
giyểng
giyểu
giyễm
giyễn
giyễng
giyễu
giyệm
giyện
giyệng
giyệp
giyệt
giyệu
già
giài
giàm
giàn
giàng
giành
giào
giàu
giày
giá
giác
giách
giái
giám
gián
giáng
giánh
giáo
giáp
giát
giáu
giáy
giâ
giâm
giân
giâng
giâu
giây
giã
giãi
giãm
giãn
giãng
giãnh
gião
giãu
giãy
giè
gièm
gièn
gièng
gié
giéc
giém
gién
giéng
giép
giét
giê
giêm
giên
giênh
giêu
giò
gioè
gioèm
gioèn
giòi
giòm
giòn
giòng
gió
gióc
gioé
gioém
gioén
giói
gióm
gión
gióng
gióp
giót
giô
giôi
giôm
giôn
giông
giõ
gioẽ
gioẽm
gioẽn
giõi
giõm
giõn
giõng
giù
giùa
giùi
giùm
giùn
giùng
giuỳn
giuỳnh
giú
giúa
giúc
giúi
giuích
giúm
giún
giúng
giúp
giút
giuýn
giuýnh
giuýp
giuýt
giý
giých
giýnh
giă
giăm
giăn
giăng
giũ
giũa
giũi
giũm
giũn
giũng
giuỹn
giuỹnh
giơ
giơi
giơm
giơn
giư
giưa
giưi
giưm
giưn
giưng
giưu
giươi
giươm
giươn
giương
giước
giưới
giướm
giướn
giướng
giướp
giướt
giười
giườm
giườn
giường
giưởi
giưởm
giưởn
giưởng
giưỡi
giưỡm
giưỡn
giưỡng
giược
giượi
giượm
giượn
giượng
giượp
giượt
giạ
giạc
giạch
giại
giạm
giạn
giạng
giạnh
giạo
giạp
giạt
giạu
giạy
giả
giải
giảm
giản
giảng
giảnh
giảo
giảu
giảy
giấ
giấc
giấm
giấn
giấng
giấp
giất
giấu
giấy
giầ
giầm
giần
giầng
giầu
giầy
giẩ
giẩm
giẩn
giẩng
giẩu
giẩy
giẫ
giẫm
giẫn
giẫng
giẫu
giẫy
giậ
giậc
giậm
giận
giậng
giập
giật
giậu
giậy
giắ
giắc
giắm
giắn
giắng
giắp
giắt
giằ
giằm
giằn
giằng
giẳ
giẳm
giẳn
giẳng
giẵ
giẵm
giẵn
giẵng
giặ
giặc
giặm
giặn
giặng
giặp
giặt
giẹ
giẹc
giẹm
giẹn
giẹng
giẹp
giẹt
giẻ
giẻm
giẻn
giẻng
giẽ
giẽm
giẽn
giẽng
giế
giếch
giếm
giến
giếnh
giếp
giết
giếu
giề
giềm
giền
giềnh
giều
giể
giểm
giển
giểnh
giểu
giễ
giễm
giễn
giễnh
giễu
giệ
giệch
giệm
giện
giệnh
giệp
giệt
giệu
giọ
giọc
gioẹ
gioẹm
gioẹn
giọi
giọm
giọn
giọng
giọp
giọt
giỏ
gioẻ
gioẻm
gioẻn
giỏi
giỏm
giỏn
giỏng
giố
giốc
giối
giốm
giốn
giống
giốp
giốt
giồ
giồi
giồm
giồn
giồng
giổ
giổi
giổm
giổn
giổng
giỗ
giỗi
giỗm
giỗn
giỗng
giộ
giộc
giội
giộm
giộn
giộng
giộp
giột
giớ
giới
giớm
giớn
giớp
giớt
giờ
giời
giờm
giờn
giở
giởi
giởm
giởn
giỡ
giỡi
giỡm
giỡn
giợ
giợi
giợm
giợn
giợp
giợt
giụ
giụa
giục
giụi
giuịch
giụm
giụn
giụng
giụp
giụt
giuỵn
giuỵnh
giuỵp
giuỵt
giủ
giủa
giủi
giủm
giủn
giủng
giuỷn
giuỷnh
giứ
giứa
giức
giứi
giứm
giứn
giứng
giứp
giứt
giứu
giừ
giừa
giừi
giừm
giừn
giừng
giừu
giử
giửa
giửi
giửm
giửn
giửng
giửu
giữ
giữa
giữi
giữm
giữn
giững
giữu
giự
giựa
giực
giựi
giựm
giựn
giựng
giựp
giựt
giựu
giỳ
giỳnh
giỵ
giỵch
giỵnh
giỷ
giỷnh
giỹ
giỹnh
go
goa
goai
goam
goan
goang
goanh
goay
goe
goem
goen
goi
gom
gon
gong
goà
goài
goàm
goàn
goàng
goành
goày
goá
goác
goách
goái
goám
goán
goáng
goánh
goáp
goát
goáy
goã
goãi
goãm
goãn
goãng
goãnh
goãy
goạ
goạc
goạch
goại
goạm
goạn
goạng
goạnh
goạp
goạt
goạy
goả
goải
goảm
goản
goảng
goảnh
goảy
gu
gua
gui
gum
gun
gung
guy
guyn
guynh
guyên
guyến
guyết
guyền
guyển
guyễn
guyện
guyệt
guân
guây
guê
guênh
guôi
guôm
guôn
guông
guý
guấn
guất
guấy
guần
guầy
guẩn
guẩy
guẫn
guẫy
guận
guật
guậy
guế
guếch
guếnh
guết
guề
guềnh
guể
guểnh
guễ
guễnh
guệ
guệch
guệnh
guệt
guốc
guối
guốm
guốn
guống
guốt
guồi
guồm
guồn
guồng
guổi
guổm
guổn
guổng
guỗi
guỗm
guỗn
guỗng
guộc
guội
guộm
guộn
guộng
guột
guỳ
guỵ
guỷ
guỹ
gà
gài
gàm
gàn
gàng
gành
gào
gàu
gày
gá
gác
gách
gái
gám
gán
gáng
gánh
gáo
gáp
gát
gáu
gáy
gâ
gâm
gân
gâng
gâu
gây
gã
gãi
gãm
gãn
gãng
gãnh
gão
gãu
gãy
gò
goè
goèm
goèn
gòi
gòm
gòn
gòng
gó
góc
goé
goém
goén
gói
góm
gón
góng
góp
gót
gô
gôi
gôm
gôn
gông
gõ
goẽ
goẽm
goẽn
gõi
gõm
gõn
gõng
gù
gùa
gùi
gùm
gùn
gùng
guỳn
guỳnh
gú
gúa
gúc
gúi
guích
gúm
gún
gúng
gúp
gút
guýn
guýnh
guýp
guýt
gă
găm
găn
găng
gũ
gũa
gũi
gũm
gũn
gũng
guỹn
guỹnh
gơ
gơi
gơm
gơn
gư
gưa
gưi
gưm
gưn
gưng
gưu
gươi
gươm
gươn
gương
gước
gưới
gướm
gướn
gướng
gướp
gướt
gười
gườm
gườn
gường
gưởi
gưởm
gưởn
gưởng
gưỡi
gưỡm
gưỡn
gưỡng
gược
gượi
gượm
gượn
gượng
gượp
gượt
gạ
gạc
gạch
gại
gạm
gạn
gạng
gạnh
gạo
gạp
gạt
gạu
gạy
gả
gải
gảm
gản
gảng
gảnh
gảo
gảu
gảy
gấ
gấc
gấm
gấn
gấng
gấp
gất
gấu
gấy
gầ
gầm
gần
gầng
gầu
gầy
gẩ
gẩm
gẩn
gẩng
gẩu
gẩy
gẫ
gẫm
gẫn
gẫng
gẫu
gẫy
gậ
gậc
gậm
gận
gậng
gập
gật
gậu
gậy
gắ
gắc
gắm
gắn
gắng
gắp
gắt
gằ
gằm
gằn
gằng
gẳ
gẳm
gẳn
gẳng
gẵ
gẵm
gẵn
gẵng
gặ
gặc
gặm
gặn
gặng
gặp
gặt
gọ
gọc
goẹ
goẹm
goẹn
gọi
gọm
gọn
gọng
gọp
gọt
gỏ
goẻ
goẻm
goẻn
gỏi
gỏm
gỏn
gỏng
gố
gốc
gối
gốm
gốn
gống
gốp
gốt
gồ
gồi
gồm
gồn
gồng
gổ
gổi
gổm
gổn
gổng
gỗ
gỗi
gỗm
gỗn
gỗng
gộ
gộc
gội
gộm
gộn
gộng
gộp
gột
gớ
gới
gớm
gớn
gớp
gớt
gờ
gời
gờm
gờn
gở
gởi
gởm
gởn
gỡ
gỡi
gỡm
gỡn
gợ
gợi
gợm
gợn
gợp
gợt
gụ
gụa
gục
gụi
guịch
gụm
gụn
gụng
gụp
gụt
guỵn
guỵnh
guỵp
guỵt
gủ
gủa
gủi
gủm
gủn
gủng
guỷn
guỷnh
gứ
gứa
gức
gứi
gứm
gứn
gứng
gứp
gứt
gứu
gừ
gừa
gừi
gừm
gừn
gừng
gừu
gử
gửa
gửi
gửm
gửn
gửng
gửu
gữ
gữa
gữi
gữm
gữn
gững
gữu
gự
gựa
gực
gựi
gựm
gựn
gựng
gựp
gựt
gựu
ha
hai
ham
han
hang
hanh
hao
hau
hay
he
hem
hen
heng
heo
hèo
héo
hẽo
hẹo
hẻo
hi
hia
him
hin
hinh
hiu
hiêm
hiên
hiêng
hiêu
hiếc
hiếm
hiến
hiếng
hiếp
hiết
hiếu
hiềm
hiền
hiềng
hiều
hiểm
hiển
hiểng
hiểu
hiễm
hiễn
hiễng
hiễu
hiệc
hiệm
hiện
hiệng
hiệp
hiệt
hiệu
ho
hoa
hoai
hoam
hoan
hoang
hoanh
hoay
hoe
hoem
hoen
hoi
hom
hon
hong
hoà
hoài
hoàm
hoàn
hoàng
hoành
hoày
hoá
hoác
hoách
hoái
hoám
hoán
hoáng
hoánh
hoáp
hoát
hoáy
hoã
hoãi
hoãm
hoãn
hoãng
hoãnh
hoãy
hoạ
hoạc
hoạch
hoại
hoạm
hoạn
hoạng
hoạnh
hoạp
hoạt
hoạy
hoả
hoải
hoảm
hoản
hoảng
hoảnh
hoảy
hu
hua
hui
hum
hun
hung
huy
huyn
huynh
huyên
huyến
huyết
huyền
huyển
huyễn
huyện
huyệt
huân
huây
huê
huênh
huôi
huôm
huôn
huông
huý
huấn
huất
huấy
huần
huầy
huẩn
huẩy
huẫn
huẫy
huận
huật
huậy
huế
huếch
huếnh
huết
huề
huềnh
huể
huểnh
huễ
huễnh
huệ
huệch
huệnh
huệt
huốc
huối
huốm
huốn
huống
huốt
huồi
huồm
huồn
huồng
huổi
huổm
huổn
huổng
huỗi
huỗm
huỗn
huỗng
huộc
huội
huộm
huộn
huộng
huột
huỳ
huỵ
huỷ
huỹ
hy
hya
hynh
hya2
hya1
hya4
hyêm
hyên
hyêng
hyêu
hya5
hya3
hyếm
hyến
hyếng
hyếp
hyết
hyếu
hyềm
hyền
hyềng
hyều
hyểm
hyển
hyểng
hyểu
hyễm
hyễn
hyễng
hyễu
hyệm
hyện
hyệng
hyệp
hyệt
hyệu
hà
hài
hàm
hàn
hàng
hành
hào
hàu
hày
há
hác
hách
hái
hám
hán
háng
hánh
háo
háp
hát
háu
háy
hâ
hâm
hân
hâng
hâu
hây
hã
hãi
hãm
hãn
hãng
hãnh
hão
hãu
hãy
hè
hèm
hèn
hèng
hé
héc
hém
hén
héng
hép
hét
hê
hêm
hên
hênh
hêu
hì
hìa
hìm
hìn
hình
hìu
hí
hía
hích
hím
hín
hính
híp
hít
híu
hò
hoè
hoèm
hoèn
hòi
hòm
hòn
hòng
hó
hóc
hoé
hoém
hoén
hói
hóm
hón
hóng
hóp
hót
hô
hôi
hôm
hôn
hông
hõ
hoẽ
hoẽm
hoẽn
hõi
hõm
hõn
hõng
hù
hùa
hùi
hùm
hùn
hùng
huỳn
huỳnh
hú
húa
húc
húi
huích
húm
hún
húng
húp
hút
huýn
huýnh
huýp
huýt
hý
hých
hýnh
hă
hăm
hăn
hăng
hĩ
hĩa
hĩm
hĩn
hĩnh
hĩu
hũ
hũa
hũi
hũm
hũn
hũng
huỹn
huỹnh
hơ
hơi
hơm
hơn
hư
hưa
hưi
hưm
hưn
hưng
hưu
hươi
hươm
hươn
hương
hước
hưới
hướm
hướn
hướng
hướp
hướt
hười
hườm
hườn
hường
hưởi
hưởm
hưởn
hưởng
hưỡi
hưỡm
hưỡn
hưỡng
hược
hượi
hượm
hượn
hượng
hượp
hượt
hạ
hạc
hạch
hại
hạm
hạn
hạng
hạnh
hạo
hạp
hạt
hạu
hạy
hả
hải
hảm
hản
hảng
hảnh
hảo
hảu
hảy
hấ
hấc
hấm
hấn
hấng
hấp
hất
hấu
hấy
hầ
hầm
hần
hầng
hầu
hầy
hẩ
hẩm
hẩn
hẩng
hẩu
hẩy
hẫ
hẫm
hẫn
hẫng
hẫu
hẫy
hậ
hậc
hậm
hận
hậng
hập
hật
hậu
hậy
hắ
hắc
hắm
hắn
hắng
hắp
hắt
hằ
hằm
hằn
hằng
hẳ
hẳm
hẳn
hẳng
hẵ
hẵm
hẵn
hẵng
hặ
hặc
hặm
hặn
hặng
hặp
hặt
hẹ
hẹc
hẹm
hẹn
hẹng
hẹp
hẹt
hẻ
hẻm
hẻn
hẻng
hẽ
hẽm
hẽn
hẽng
hế
hếch
hếm
hến
hếnh
hếp
hết
hếu
hề
hềm
hền
hềnh
hều
hể
hểm
hển
hểnh
hểu
hễ
hễm
hễn
hễnh
hễu
hệ
hệch
hệm
hện
hệnh
hệp
hệt
hệu
hỉ
hỉa
hỉm
hỉn
hỉnh
hỉu
hị
hịa
hịch
hịm
hịn
hịnh
hịp
hịt
hịu
họ
học
hoẹ
hoẹm
hoẹn
họi
họm
họn
họng
họp
họt
hỏ
hoẻ
hoẻm
hoẻn
hỏi
hỏm
hỏn
hỏng
hố
hốc
hối
hốm
hốn
hống
hốp
hốt
hồ
hồi
hồm
hồn
hồng
hổ
hổi
hổm
hổn
hổng
hỗ
hỗi
hỗm
hỗn
hỗng
hộ
hộc
hội
hộm
hộn
hộng
hộp
hột
hớ
hới
hớm
hớn
hớp
hớt
hờ
hời
hờm
hờn
hở
hởi
hởm
hởn
hỡ
hỡi
hỡm
hỡn
hợ
hợi
hợm
hợn
hợp
hợt
hụ
hụa
hục
hụi
huịch
hụm
hụn
hụng
hụp
hụt
huỵn
huỵnh
huỵp
huỵt
hủ
hủa
hủi
hủm
hủn
hủng
huỷn
huỷnh
hứ
hứa
hức
hứi
hứm
hứn
hứng
hứp
hứt
hứu
hừ
hừa
hừi
hừm
hừn
hừng
hừu
hử
hửa
hửi
hửm
hửn
hửng
hửu
hữ
hữa
hữi
hữm
hữn
hững
hữu
hự
hựa
hực
hựi
hựm
hựn
hựng
hựp
hựt
hựu
hỳ
hỳnh
hỵ
hỵch
hỵnh
hỷ
hỷnh
hỹ
hỹnh
i
ia
im
in
inh
iu
iêm
iên
iêng
iêu
iếc
iếm
iến
iếng
iếp
iết
iếu
iềm
iền
iềng
iều
iểm
iển
iểng
iểu
iễm
iễn
iễng
iễu
iệc
iệm
iện
iệng
iệp
iệt
iệu
ke
kem
ken
keng
keo
kèo
kéo
kẽo
kẹo
kẻo
kha
khai
kham
khan
khang
khanh
khao
khau
khay
khe
khem
khen
kheng
kheo
khèo
khéo
khẽo
khẹo
khẻo
khi
khia
khim
khin
khinh
khiu
khiêm
khiên
khiêng
khiêu
khiếc
khiếm
khiến
khiếng
khiếp
khiết
khiếu
khiềm
khiền
khiềng
khiều
khiểm
khiển
khiểng
khiểu
khiễm
khiễn
khiễng
khiễu
khiệc
khiệm
khiện
khiệng
khiệp
khiệt
khiệu
kho
khoa
khoai
khoam
khoan
khoang
khoanh
khoay
khoe
khoem
khoen
khoi
khom
khon
khong
khoà
khoài
khoàm
khoàn
khoàng
khoành
khoày
khoá
khoác
khoách
khoái
khoám
khoán
khoáng
khoánh
khoáp
khoát
khoáy
khoã
khoãi
khoãm
khoãn
khoãng
khoãnh
khoãy
khoạ
khoạc
khoạch
khoại
khoạm
khoạn
khoạng
khoạnh
khoạp
khoạt
khoạy
khoả
khoải
khoảm
khoản
khoảng
khoảnh
khoảy
khu
khua
khui
khum
khun
khung
khuy
khuyn
khuynh
khuyên
khuyến
khuyết
khuyền
khuyển
khuyễn
khuyện
khuyệt
khuân
khuây
khuê
khuênh
khuôi
khuôm
khuôn
khuông
khuý
khuấn
khuất
khuấy
khuần
khuầy
khuẩn
khuẩy
khuẫn
khuẫy
khuận
khuật
khuậy
khuế
khuếch
khuếnh
khuết
khuề
khuềnh
khuể
khuểnh
khuễ
khuễnh
khuệ
khuệch
khuệnh
khuệt
khuốc
khuối
khuốm
khuốn
khuống
khuốt
khuồi
khuồm
khuồn
khuồng
khuổi
khuổm
khuổn
khuổng
khuỗi
khuỗm
khuỗn
khuỗng
khuộc
khuội
khuộm
khuộn
khuộng
khuột
khuỳ
khuỵ
khuỷ
khuỹ
khy
khya
khynh
khya2
khya1
khya4
khyêm
khyên
khyêng
khyêu
khya5
khya3
khyếm
khyến
khyếng
khyếp
khyết
khyếu
khyềm
khyền
khyềng
khyều
khyểm
khyển
khyểng
khyểu
khyễm
khyễn
khyễng
khyễu
khyệm
khyện
khyệng
khyệp
khyệt
khyệu
khà
khài
khàm
khàn
khàng
khành
khào
khàu
khày
khá
khác
khách
khái
khám
khán
kháng
khánh
kháo
kháp
khát
kháu
kháy
khâ
khâm
khân
khâng
khâu
khây
khã
khãi
khãm
khãn
khãng
khãnh
khão
khãu
khãy
khè
khèm
khèn
khèng
khé
khéc
khém
khén
khéng
khép
khét
khê
khêm
khên
khênh
khêu
khì
khìa
khìm
khìn
khình
khìu
khí
khía
khích
khím
khín
khính
khíp
khít
khíu
khò
khoè
khoèm
khoèn
khòi
khòm
khòn
khòng
khó
khóc
khoé
khoém
khoén
khói
khóm
khón
khóng
khóp
khót
khô
khôi
khôm
khôn
không
khõ
khoẽ
khoẽm
khoẽn
khõi
khõm
khõn
khõng
khù
khùa
khùi
khùm
khùn
khùng
khuỳn
khuỳnh
khú
khúa
khúc
khúi
khuích
khúm
khún
khúng
khúp
khút
khuýn
khuýnh
khuýp
khuýt
khý
khých
khýnh
khă
khăm
khăn
khăng
khĩ
khĩa
khĩm
khĩn
khĩnh
khĩu
khũ
khũa
khũi
khũm
khũn
khũng
khuỹn
khuỹnh
khơ
khơi
khơm
khơn
khư
khưa
khưi
khưm
khưn
khưng
khưu
khươi
khươm
khươn
khương
khước
khưới
khướm
khướn
khướng
khướp
khướt
khười
khườm
khườn
khường
khưởi
khưởm
khưởn
khưởng
khưỡi
khưỡm
khưỡn
khưỡng
khược
khượi
khượm
khượn
khượng
khượp
khượt
khạ
khạc
khạch
khại
khạm
khạn
khạng
khạnh
khạo
khạp
khạt
khạu
khạy
khả
khải
khảm
khản
khảng
khảnh
khảo
khảu
khảy
khấ
khấc
khấm
khấn
khấng
khấp
khất
khấu
khấy
khầ
khầm
khần
khầng
khầu
khầy
khẩ
khẩm
khẩn
khẩng
khẩu
khẩy
khẫ
khẫm
khẫn
khẫng
khẫu
khẫy
khậ
khậc
khậm
khận
khậng
khập
khật
khậu
khậy
khắ
khắc
khắm
khắn
khắng
khắp
khắt
khằ
khằm
khằn
khằng
khẳ
khẳm
khẳn
khẳng
khẵ
khẵm
khẵn
khẵng
khặ
khặc
khặm
khặn
khặng
khặp
khặt
khẹ
khẹc
khẹm
khẹn
khẹng
khẹp
khẹt
khẻ
khẻm
khẻn
khẻng
khẽ
khẽm
khẽn
khẽng
khế
khếch
khếm
khến
khếnh
khếp
khết
khếu
khề
khềm
khền
khềnh
khều
khể
khểm
khển
khểnh
khểu
khễ
khễm
khễn
khễnh
khễu
khệ
khệch
khệm
khện
khệnh
khệp
khệt
khệu
khỉ
khỉa
khỉm
khỉn
khỉnh
khỉu
khị
khịa
khịch
khịm
khịn
khịnh
khịp
khịt
khịu
khọ
khọc
khoẹ
khoẹm
khoẹn
khọi
khọm
khọn
khọng
khọp
khọt
khỏ
khoẻ
khoẻm
khoẻn
khỏi
khỏm
khỏn
khỏng
khố
khốc
khối
khốm
khốn
khống
khốp
khốt
khồ
khồi
khồm
khồn
khồng
khổ
khổi
khổm
khổn
khổng
khỗ
khỗi
khỗm
khỗn
khỗng
khộ
khộc
khội
khộm
khộn
khộng
khộp
khột
khớ
khới
khớm
khớn
khớp
khớt
khờ
khời
khờm
khờn
khở
khởi
khởm
khởn
khỡ
khỡi
khỡm
khỡn
khợ
khợi
khợm
khợn
khợp
khợt
khụ
khụa
khục
khụi
khuịch
khụm
khụn
khụng
khụp
khụt
khuỵn
khuỵnh
khuỵp
khuỵt
khủ
khủa
khủi
khủm
khủn
khủng
khuỷn
khuỷnh
khứ
khứa
khức
khứi
khứm
khứn
khứng
khứp
khứt
khứu
khừ
khừa
khừi
khừm
khừn
khừng
khừu
khử
khửa
khửi
khửm
khửn
khửng
khửu
khữ
khữa
khữi
khữm
khữn
khững
khữu
khự
khựa
khực
khựi
khựm
khựn
khựng
khựp
khựt
khựu
khỳ
khỳnh
khỵ
khỵch
khỵnh
khỷ
khỷnh
khỹ
khỹnh
ki
kia
kim
kin
kinh
kiu
kiêm
kiên
kiêng
kiêu
kiếc
kiếm
kiến
kiếng
kiếp
kiết
kiếu
kiềm
kiền
kiềng
kiều
kiểm
kiển
kiểng
kiểu
kiễm
kiễn
kiễng
kiễu
kiệc
kiệm
kiện
kiệng
kiệp
kiệt
kiệu
ky
kya
kynh
kya2
kya1
kya4
kyêm
kyên
kyêng
kyêu
kya5
kya3
kyếm
kyến
kyếng
kyếp
kyết
kyếu
kyềm
kyền
kyềng
kyều
kyểm
kyển
kyểng
kyểu
kyễm
kyễn
kyễng
kyễu
kyệm
kyện
kyệng
kyệp
kyệt
kyệu
kè
kèm
kèn
kèng
ké
kéc
kém
kén
kéng
kép
két
kê
kêm
kên
kênh
kêu
kì
kìa
kìm
kìn
kình
kìu
kí
kía
kích
kím
kín
kính
kíp
kít
kíu
ký
kých
kýnh
kĩ
kĩa
kĩm
kĩn
kĩnh
kĩu
kẹ
kẹc
kẹm
kẹn
kẹng
kẹp
kẹt
kẻ
kẻm
kẻn
kẻng
kẽ
kẽm
kẽn
kẽng
kế
kếch
kếm
kến
kếnh
kếp
kết
kếu
kề
kềm
kền
kềnh
kều
kể
kểm
kển
kểnh
kểu
kễ
kễm
kễn
kễnh
kễu
kệ
kệch
kệm
kện
kệnh
kệp
kệt
kệu
kỉ
kỉa
kỉm
kỉn
kỉnh
kỉu
kị
kịa
kịch
kịm
kịn
kịnh
kịp
kịt
kịu
kỳ
kỳnh
kỵ
kỵch
kỵnh
kỷ
kỷnh
kỹ
kỹnh
la
lai
lam
lan
lang
lanh
lao
lau
lay
le
lem
len
leng
leo
lèo
léo
lẽo
lẹo
lẻo
li
lia
lim
lin
linh
liu
liêm
liên
liêng
liêu
liếc
liếm
liến
liếng
liếp
liết
liếu
liềm
liền
liềng
liều
liểm
liển
liểng
liểu
liễm
liễn
liễng
liễu
liệc
liệm
liện
liệng
liệp
liệt
liệu
lo
loa
loai
loam
loan
loang
loanh
loay
loe
loem
loen
loi
lom
lon
long
loà
loài
loàm
loàn
loàng
loành
loày
loá
loác
loách
loái
loám
loán
loáng
loánh
loáp
loát
loáy
loã
loãi
loãm
loãn
loãng
loãnh
loãy
loạ
loạc
loạch
loại
loạm
loạn
loạng
loạnh
loạp
loạt
loạy
loả
loải
loảm
loản
loảng
loảnh
loảy
lu
lua
lui
lum
lun
lung
luy
luyn
luynh
luyên
luyến
luyết
luyền
luyển
luyễn
luyện
luyệt
luân
luây
luê
luênh
luôi
luôm
luôn
luông
luý
luấn
luất
luấy
luần
luầy
luẩn
luẩy
luẫn
luẫy
luận
luật
luậy
luế
luếch
luếnh
luết
luề
luềnh
luể
luểnh
luễ
luễnh
luệ
luệch
luệnh
luệt
luốc
luối
luốm
luốn
luống
luốt
luồi
luồm
luồn
luồng
luổi
luổm
luổn
luổng
luỗi
luỗm
luỗn
luỗng
luộc
luội
luộm
luộn
luộng
luột
luỳ
luỵ
luỷ
luỹ
ly
lya
lynh
lya2
lya1
lya4
lyêm
lyên
lyêng
lyêu
lya5
lya3
lyếm
lyến
lyếng
lyếp
lyết
lyếu
lyềm
lyền
lyềng
lyều
lyểm
lyển
lyểng
lyểu
lyễm
lyễn
lyễng
lyễu
lyệm
lyện
lyệng
lyệp
lyệt
lyệu
là
lài
làm
làn
làng
lành
lào
làu
lày
lá
lác
lách
lái
lám
lán
láng
lánh
láo
láp
lát
láu
láy
lâ
lâm
lân
lâng
lâu
lây
lã
lãi
lãm
lãn
lãng
lãnh
lão
lãu
lãy
lè
lèm
lèn
lèng
lé
léc
lém
lén
léng
lép
lét
lê
lêm
lên
lênh
lêu
lì
lìa
lìm
lìn
lình
lìu
lí
lía
lích
lím
lín
lính
líp
lít
líu
lò
loè
loèm
loèn
lòi
lòm
lòn
lòng
ló
lóc
loé
loém
loén
lói
lóm
lón
lóng
lóp
lót
lô
lôi
lôm
lôn
lông
lõ
loẽ
loẽm
loẽn
lõi
lõm
lõn
lõng
lù
lùa
lùi
lùm
lùn
lùng
luỳn
luỳnh
lú
lúa
lúc
lúi
luích
lúm
lún
lúng
lúp
lút
luýn
luýnh
luýp
luýt
lý
lých
lýnh
lă
lăm
lăn
lăng
lĩ
lĩa
lĩm
lĩn
lĩnh
lĩu
lũ
lũa
lũi
lũm
lũn
lũng
luỹn
luỹnh
lơ
lơi
lơm
lơn
lư
lưa
lưi
lưm
lưn
lưng
lưu
lươi
lươm
lươn
lương
lước
lưới
lướm
lướn
lướng
lướp
lướt
lười
lườm
lườn
lường
lưởi
lưởm
lưởn
lưởng
lưỡi
lưỡm
lưỡn
lưỡng
lược
lượi
lượm
lượn
lượng
lượp
lượt
lạ
lạc
lạch
lại
lạm
lạn
lạng
lạnh
lạo
lạp
lạt
lạu
lạy
lả
lải
lảm
lản
lảng
lảnh
lảo
lảu
lảy
lấ
lấc
lấm
lấn
lấng
lấp
lất
lấu
lấy
lầ
lầm
lần
lầng
lầu
lầy
lẩ
lẩm
lẩn
lẩng
lẩu
lẩy
lẫ
lẫm
lẫn
lẫng
lẫu
lẫy
lậ
lậc
lậm
lận
lậng
lập
lật
lậu
lậy
lắ
lắc
lắm
lắn
lắng
lắp
lắt
lằ
lằm
lằn
lằng
lẳ
lẳm
lẳn
lẳng
lẵ
lẵm
lẵn
lẵng
lặ
lặc
lặm
lặn
lặng
lặp
lặt
lẹ
lẹc
lẹm
lẹn
lẹng
lẹp
lẹt
lẻ
lẻm
lẻn
lẻng
lẽ
lẽm
lẽn
lẽng
lế
lếch
lếm
lến
lếnh
lếp
lết
lếu
lề
lềm
lền
lềnh
lều
lể
lểm
lển
lểnh
lểu
lễ
lễm
lễn
lễnh
lễu
lệ
lệch
lệm
lện
lệnh
lệp
lệt
lệu
lỉ
lỉa
lỉm
lỉn
lỉnh
lỉu
lị
lịa
lịch
lịm
lịn
lịnh
lịp
lịt
lịu
lọ
lọc
loẹ
loẹm
loẹn
lọi
lọm
lọn
lọng
lọp
lọt
lỏ
loẻ
loẻm
loẻn
lỏi
lỏm
lỏn
lỏng
lố
lốc
lối
lốm
lốn
lống
lốp
lốt
lồ
lồi
lồm
lồn
lồng
lổ
lổi
lổm
lổn
lổng
lỗ
lỗi
lỗm
lỗn
lỗng
lộ
lộc
lội
lộm
lộn
lộng
lộp
lột
lớ
lới
lớm
lớn
lớp
lớt
lờ
lời
lờm
lờn
lở
lởi
lởm
lởn
lỡ
lỡi
lỡm
lỡn
lợ
lợi
lợm
lợn
lợp
lợt
lụ
lụa
lục
lụi
luịch
lụm
lụn
lụng
lụp
lụt
luỵn
luỵnh
luỵp
luỵt
lủ
lủa
lủi
lủm
lủn
lủng
luỷn
luỷnh
lứ
lứa
lức
lứi
lứm
lứn
lứng
lứp
lứt
lứu
lừ
lừa
lừi
lừm
lừn
lừng
lừu
lử
lửa
lửi
lửm
lửn
lửng
lửu
lữ
lữa
lữi
lữm
lữn
lững
lữu
lự
lựa
lực
lựi
lựm
lựn
lựng
lựp
lựt
lựu
lỳ
lỳnh
lỵ
lỵch
lỵnh
lỷ
lỷnh
lỹ
lỹnh
ma
mai
mam
man
mang
manh
mao
mau
may
me
mem
men
meng
meo
mèo
méo
mẽo
mẹo
mẻo
mi
mia
mim
min
minh
miu
miêm
miên
miêng
miêu
miếc
miếm
miến
miếng
miếp
miết
miếu
miềm
miền
miềng
miều
miểm
miển
miểng
miểu
miễm
miễn
miễng
miễu
miệc
miệm
miện
miệng
miệp
miệt
miệu
mo
moa
moai
moam
moan
moang
moanh
moay
moe
moem
moen
moi
mom
mon
mong
moà
moài
moàm
moàn
moàng
moành
moày
moá
moác
moách
moái
moám
moán
moáng
moánh
moáp
moát
moáy
moã
moãi
moãm
moãn
moãng
moãnh
moãy
moạ
moạc
moạch
moại
moạm
moạn
moạng
moạnh
moạp
moạt
moạy
moả
moải
moảm
moản
moảng
moảnh
moảy
mu
mua
mui
mum
mun
mung
muy
muyn
muynh
muyên
muyến
muyết
muyền
muyển
muyễn
muyện
muyệt
muân
muây
muê
muênh
muôi
muôm
muôn
muông
muý
muấn
muất
muấy
muần
muầy
muẩn
muẩy
muẫn
muẫy
muận
muật
muậy
muế
muếch
muếnh
muết
muề
muềnh
muể
muểnh
muễ
muễnh
muệ
muệch
muệnh
muệt
muốc
muối
muốm
muốn
muống
muốt
muồi
muồm
muồn
muồng
muổi
muổm
muổn
muổng
muỗi
muỗm
muỗn
muỗng
muộc
muội
muộm
muộn
muộng
muột
muỳ
muỵ
muỷ
muỹ
my
mya
mynh
mya2
mya1
mya4
myêm
myên
myêng
myêu
mya5
mya3
myếm
myến
myếng
myếp
myết
myếu
myềm
myền
myềng
myều
myểm
myển
myểng
myểu
myễm
myễn
myễng
myễu
myệm
myện
myệng
myệp
myệt
myệu
mà
mài
màm
màn
màng
mành
mào
màu
mày
má
mác
mách
mái
mám
mán
máng
mánh
máo
máp
mát
máu
máy
mâ
mâm
mân
mâng
mâu
mây
mã
mãi
mãm
mãn
mãng
mãnh
mão
mãu
mãy
mè
mèm
mèn
mèng
mé
méc
mém
mén
méng
mép
mét
mê
mêm
mên
mênh
mêu
mì
mìa
mìm
mìn
mình
mìu
mí
mía
mích
mím
mín
mính
míp
mít
míu
mò
moè
moèm
moèn
mòi
mòm
mòn
mòng
mó
móc
moé
moém
moén
mói
móm
món
móng
móp
mót
mô
môi
môm
môn
mông
mõ
moẽ
moẽm
moẽn
mõi
mõm
mõn
mõng
mù
mùa
mùi
mùm
mùn
mùng
muỳn
muỳnh
mú
múa
múc
múi
muích
múm
mún
múng
múp
mút
muýn
muýnh
muýp
muýt
mý
mých
mýnh
mă
măm
măn
măng
mĩ
mĩa
mĩm
mĩn
mĩnh
mĩu
mũ
mũa
mũi
mũm
mũn
mũng
muỹn
muỹnh
mơ
mơi
mơm
mơn
mư
mưa
mưi
mưm
mưn
mưng
mưu
mươi
mươm
mươn
mương
mước
mưới
mướm
mướn
mướng
mướp
mướt
mười
mườm
mườn
mường
mưởi
mưởm
mưởn
mưởng
mưỡi
mưỡm
mưỡn
mưỡng
mược
mượi
mượm
mượn
mượng
mượp
mượt
mạ
mạc
mạch
mại
mạm
mạn
mạng
mạnh
mạo
mạp
mạt
mạu
mạy
mả
mải
mảm
mản
mảng
mảnh
mảo
mảu
mảy
mấ
mấc
mấm
mấn
mấng
mấp
mất
mấu
mấy
mầ
mầm
mần
mầng
mầu
mầy
mẩ
mẩm
mẩn
mẩng
mẩu
mẩy
mẫ
mẫm
mẫn
mẫng
mẫu
mẫy
mậ
mậc
mậm
mận
mậng
mập
mật
mậu
mậy
mắ
mắc
mắm
mắn
mắng
mắp
mắt
mằ
mằm
mằn
mằng
mẳ
mẳm
mẳn
mẳng
mẵ
mẵm
mẵn
mẵng
mặ
mặc
mặm
mặn
mặng
mặp
mặt
mẹ
mẹc
mẹm
mẹn
mẹng
mẹp
mẹt
mẻ
mẻm
mẻn
mẻng
mẽ
mẽm
mẽn
mẽng
mế
mếch
mếm
mến
mếnh
mếp
mết
mếu
mề
mềm
mền
mềnh
mều
mể
mểm
mển
mểnh
mểu
mễ
mễm
mễn
mễnh
mễu
mệ
mệch
mệm
mện
mệnh
mệp
mệt
mệu
mỉ
mỉa
mỉm
mỉn
mỉnh
mỉu
mị
mịa
mịch
mịm
mịn
mịnh
mịp
mịt
mịu
mọ
mọc
moẹ
moẹm
moẹn
mọi
mọm
mọn
mọng
mọp
mọt
mỏ
moẻ
moẻm
moẻn
mỏi
mỏm
mỏn
mỏng
mố
mốc
mối
mốm
mốn
mống
mốp
mốt
mồ
mồi
mồm
mồn
mồng
mổ
mổi
mổm
mổn
mổng
mỗ
mỗi
mỗm
mỗn
mỗng
mộ
mộc
mội
mộm
mộn
mộng
mộp
một
mớ
mới
mớm
mớn
mớp
mớt
mờ
mời
mờm
mờn
mở
mởi
mởm
mởn
mỡ
mỡi
mỡm
mỡn
mợ
mợi
mợm
mợn
mợp
mợt
mụ
mụa
mục
mụi
muịch
mụm
mụn
mụng
mụp
mụt
muỵn
muỵnh
muỵp
muỵt
mủ
mủa
mủi
mủm
mủn
mủng
muỷn
muỷnh
mứ
mứa
mức
mứi
mứm
mứn
mứng
mứp
mứt
mứu
mừ
mừa
mừi
mừm
mừn
mừng
mừu
mử
mửa
mửi
mửm
mửn
mửng
mửu
mữ
mữa
mữi
mữm
mữn
mững
mữu
mự
mựa
mực
mựi
mựm
mựn
mựng
mựp
mựt
mựu
mỳ
mỳnh
mỵ
mỵch
mỵnh
mỷ
mỷnh
mỹ
mỹnh
na
nai
nam
nan
nang
nanh
nao
nau
nay
ne
nem
nen
neng
neo
nèo
néo
nẽo
nẹo
nẻo
nga
ngai
ngam
ngan
ngang
nganh
ngao
ngau
ngay
nghe
nghem
nghen
ngheng
ngheo
nghèo
nghéo
nghẽo
nghẹo
nghẻo
nghi
nghia
nghim
nghin
nghinh
nghiu
nghiêm
nghiên
nghiêng
nghiêu
nghiếc
nghiếm
nghiến
nghiếng
nghiếp
nghiết
nghiếu
nghiềm
nghiền
nghiềng
nghiều
nghiểm
nghiển
nghiểng
nghiểu
nghiễm
nghiễn
nghiễng
nghiễu
nghiệc
nghiệm
nghiện
nghiệng
nghiệp
nghiệt
nghiệu
nghy
nghya
nghynh
nghya2
nghya1
nghya4
nghyêm
nghyên
nghyêng
nghyêu
nghya5
nghya3
nghyếm
nghyến
nghyếng
nghyếp
nghyết
nghyếu
nghyềm
nghyền
nghyềng
nghyều
nghyểm
nghyển
nghyểng
nghyểu
nghyễm
nghyễn
nghyễng
nghyễu
nghyệm
nghyện
nghyệng
nghyệp
nghyệt
nghyệu
nghè
nghèm
nghèn
nghèng
nghé
nghéc
nghém
nghén
nghéng
nghép
nghét
nghê
nghêm
nghên
nghênh
nghêu
nghì
nghìa
nghìm
nghìn
nghình
nghìu
nghí
nghía
nghích
nghím
nghín
nghính
nghíp
nghít
nghíu
nghý
nghých
nghýnh
nghĩ
nghĩa
nghĩm
nghĩn
nghĩnh
nghĩu
nghẹ
nghẹc
nghẹm
nghẹn
nghẹng
nghẹp
nghẹt
nghẻ
nghẻm
nghẻn
nghẻng
nghẽ
nghẽm
nghẽn
nghẽng
nghế
nghếch
nghếm
nghến
nghếnh
nghếp
nghết
nghếu
nghề
nghềm
nghền
nghềnh
nghều
nghể
nghểm
nghển
nghểnh
nghểu
nghễ
nghễm
nghễn
nghễnh
nghễu
nghệ
nghệch
nghệm
nghện
nghệnh
nghệp
nghệt
nghệu
nghỉ
nghỉa
nghỉm
nghỉn
nghỉnh
nghỉu
nghị
nghịa
nghịch
nghịm
nghịn
nghịnh
nghịp
nghịt
nghịu
nghỳ
nghỳnh
nghỵ
nghỵch
nghỵnh
nghỷ
nghỷnh
nghỹ
nghỹnh
ngo
ngoa
ngoai
ngoam
ngoan
ngoang
ngoanh
ngoay
ngoe
ngoem
ngoen
ngoi
ngom
ngon
ngong
ngoà
ngoài
ngoàm
ngoàn
ngoàng
ngoành
ngoày
ngoá
ngoác
ngoách
ngoái
ngoám
ngoán
ngoáng
ngoánh
ngoáp
ngoát
ngoáy
ngoã
ngoãi
ngoãm
ngoãn
ngoãng
ngoãnh
ngoãy
ngoạ
ngoạc
ngoạch
ngoại
ngoạm
ngoạn
ngoạng
ngoạnh
ngoạp
ngoạt
ngoạy
ngoả
ngoải
ngoảm
ngoản
ngoảng
ngoảnh
ngoảy
ngu
ngua
ngui
ngum
ngun
ngung
nguy
nguyn
nguynh
nguyên
nguyến
nguyết
nguyền
nguyển
nguyễn
nguyện
nguyệt
nguân
nguây
nguê
nguênh
nguôi
nguôm
nguôn
nguông
nguý
nguấn
nguất
nguấy
nguần
nguầy
nguẩn
nguẩy
nguẫn
nguẫy
nguận
nguật
nguậy
nguế
nguếch
nguếnh
nguết
nguề
nguềnh
nguể
nguểnh
nguễ
nguễnh
nguệ
nguệch
nguệnh
nguệt
nguốc
nguối
nguốm
nguốn
nguống
nguốt
nguồi
nguồm
nguồn
nguồng
nguổi
nguổm
nguổn
nguổng
nguỗi
nguỗm
nguỗn
nguỗng
nguộc
nguội
nguộm
nguộn
nguộng
nguột
nguỳ
nguỵ
nguỷ
nguỹ
ngà
ngài
ngàm
ngàn
ngàng
ngành
ngào
ngàu
ngày
ngá
ngác
ngách
ngái
ngám
ngán
ngáng
ngánh
ngáo
ngáp
ngát
ngáu
ngáy
ngâ
ngâm
ngân
ngâng
ngâu
ngây
ngã
ngãi
ngãm
ngãn
ngãng
ngãnh
ngão
ngãu
ngãy
ngò
ngoè
ngoèm
ngoèn
ngòi
ngòm
ngòn
ngòng
ngó
ngóc
ngoé
ngoém
ngoén
ngói
ngóm
ngón
ngóng
ngóp
ngót
ngô
ngôi
ngôm
ngôn
ngông
ngõ
ngoẽ
ngoẽm
ngoẽn
ngõi
ngõm
ngõn
ngõng
ngù
ngùa
ngùi
ngùm
ngùn
ngùng
nguỳn
nguỳnh
ngú
ngúa
ngúc
ngúi
nguích
ngúm
ngún
ngúng
ngúp
ngút
nguýn
nguýnh
nguýp
nguýt
ngă
ngăm
ngăn
ngăng
ngũ
ngũa
ngũi
ngũm
ngũn
ngũng
nguỹn
nguỹnh
ngơ
ngơi
ngơm
ngơn
ngư
ngưa
ngưi
ngưm
ngưn
ngưng
ngưu
ngươi
ngươm
ngươn
ngương
ngước
ngưới
ngướm
ngướn
ngướng
ngướp
ngướt
người
ngườm
ngườn
ngường
ngưởi
ngưởm
ngưởn
ngưởng
ngưỡi
ngưỡm
ngưỡn
ngưỡng
ngược
ngượi
ngượm
ngượn
ngượng
ngượp
ngượt
ngạ
ngạc
ngạch
ngại
ngạm
ngạn
ngạng
ngạnh
ngạo
ngạp
ngạt
ngạu
ngạy
ngả
ngải
ngảm
ngản
ngảng
ngảnh
ngảo
ngảu
ngảy
ngấ
ngấc
ngấm
ngấn
ngấng
ngấp
ngất
ngấu
ngấy
ngầ
ngầm
ngần
ngầng
ngầu
ngầy
ngẩ
ngẩm
ngẩn
ngẩng
ngẩu
ngẩy
ngẫ
ngẫm
ngẫn
ngẫng
ngẫu
ngẫy
ngậ
ngậc
ngậm
ngận
ngậng
ngập
ngật
ngậu
ngậy
ngắ
ngắc
ngắm
ngắn
ngắng
ngắp
ngắt
ngằ
ngằm
ngằn
ngằng
ngẳ
ngẳm
ngẳn
ngẳng
ngẵ
ngẵm
ngẵn
ngẵng
ngặ
ngặc
ngặm
ngặn
ngặng
ngặp
ngặt
ngọ
ngọc
ngoẹ
ngoẹm
ngoẹn
ngọi
ngọm
ngọn
ngọng
ngọp
ngọt
ngỏ
ngoẻ
ngoẻm
ngoẻn
ngỏi
ngỏm
ngỏn
ngỏng
ngố
ngốc
ngối
ngốm
ngốn
ngống
ngốp
ngốt
ngồ
ngồi
ngồm
ngồn
ngồng
ngổ
ngổi
ngổm
ngổn
ngổng
ngỗ
ngỗi
ngỗm
ngỗn
ngỗng
ngộ
ngộc
ngội
ngộm
ngộn
ngộng
ngộp
ngột
ngớ
ngới
ngớm
ngớn
ngớp
ngớt
ngờ
ngời
ngờm
ngờn
ngở
ngởi
ngởm
ngởn
ngỡ
ngỡi
ngỡm
ngỡn
ngợ
ngợi
ngợm
ngợn
ngợp
ngợt
ngụ
ngụa
ngục
ngụi
nguịch
ngụm
ngụn
ngụng
ngụp
ngụt
nguỵn
nguỵnh
nguỵp
nguỵt
ngủ
ngủa
ngủi
ngủm
ngủn
ngủng
nguỷn
nguỷnh
ngứ
ngứa
ngức
ngứi
ngứm
ngứn
ngứng
ngứp
ngứt
ngứu
ngừ
ngừa
ngừi
ngừm
ngừn
ngừng
ngừu
ngử
ngửa
ngửi
ngửm
ngửn
ngửng
ngửu
ngữ
ngữa
ngữi
ngữm
ngữn
ngững
ngữu
ngự
ngựa
ngực
ngựi
ngựm
ngựn
ngựng
ngựp
ngựt
ngựu
nha
nhai
nham
nhan
nhang
nhanh
nhao
nhau
nhay
nhe
nhem
nhen
nheng
nheo
nhèo
nhéo
nhẽo
nhẹo
nhẻo
nhi
nhia
nhim
nhin
nhinh
nhiu
nhiêm
nhiên
nhiêng
nhiêu
nhiếc
nhiếm
nhiến
nhiếng
nhiếp
nhiết
nhiếu
nhiềm
nhiền
nhiềng
nhiều
nhiểm
nhiển
nhiểng
nhiểu
nhiễm
nhiễn
nhiễng
nhiễu
nhiệc
nhiệm
nhiện
nhiệng
nhiệp
nhiệt
nhiệu
nho
nhoa
nhoai
nhoam
nhoan
nhoang
nhoanh
nhoay
nhoe
nhoem
nhoen
nhoi
nhom
nhon
nhong
nhoà
nhoài
nhoàm
nhoàn
nhoàng
nhoành
nhoày
nhoá
nhoác
nhoách
nhoái
nhoám
nhoán
nhoáng
nhoánh
nhoáp
nhoát
nhoáy
nhoã
nhoãi
nhoãm
nhoãn
nhoãng
nhoãnh
nhoãy
nhoạ
nhoạc
nhoạch
nhoại
nhoạm
nhoạn
nhoạng
nhoạnh
nhoạp
nhoạt
nhoạy
nhoả
nhoải
nhoảm
nhoản
nhoảng
nhoảnh
nhoảy
nhu
nhua
nhui
nhum
nhun
nhung
nhuy
nhuyn
nhuynh
nhuyên
nhuyến
nhuyết
nhuyền
nhuyển
nhuyễn
nhuyện
nhuyệt
nhuân
nhuây
nhuê
nhuênh
nhuôi
nhuôm
nhuôn
nhuông
nhuý
nhuấn
nhuất
nhuấy
nhuần
nhuầy
nhuẩn
nhuẩy
nhuẫn
nhuẫy
nhuận
nhuật
nhuậy
nhuế
nhuếch
nhuếnh
nhuết
nhuề
nhuềnh
nhuể
nhuểnh
nhuễ
nhuễnh
nhuệ
nhuệch
nhuệnh
nhuệt
nhuốc
nhuối
nhuốm
nhuốn
nhuống
nhuốt
nhuồi
nhuồm
nhuồn
nhuồng
nhuổi
nhuổm
nhuổn
nhuổng
nhuỗi
nhuỗm
nhuỗn
nhuỗng
nhuộc
nhuội
nhuộm
nhuộn
nhuộng
nhuột
nhuỳ
nhuỵ
nhuỷ
nhuỹ
nhy
nhya
nhynh
nhya2
nhya1
nhya4
nhyêm
nhyên
nhyêng
nhyêu
nhya5
nhya3
nhyếm
nhyến
nhyếng
nhyếp
nhyết
nhyếu
nhyềm
nhyền
nhyềng
nhyều
nhyểm
nhyển
nhyểng
nhyểu
nhyễm
nhyễn
nhyễng
nhyễu
nhyệm
nhyện
nhyệng
nhyệp
nhyệt
nhyệu
nhà
nhài
nhàm
nhàn
nhàng
nhành
nhào
nhàu
nhày
nhá
nhác
nhách
nhái
nhám
nhán
nháng
nhánh
nháo
nháp
nhát
nháu
nháy
nhâ
nhâm
nhân
nhâng
nhâu
nhây
nhã
nhãi
nhãm
nhãn
nhãng
nhãnh
nhão
nhãu
nhãy
nhè
nhèm
nhèn
nhèng
nhé
nhéc
nhém
nhén
nhéng
nhép
nhét
nhê
nhêm
nhên
nhênh
nhêu
nhì
nhìa
nhìm
nhìn
nhình
nhìu
nhí
nhía
nhích
nhím
nhín
nhính
nhíp
nhít
nhíu
nhò
nhoè
nhoèm
nhoèn
nhòi
nhòm
nhòn
nhòng
nhó
nhóc
nhoé
nhoém
nhoén
nhói
nhóm
nhón
nhóng
nhóp
nhót
nhô
nhôi
nhôm
nhôn
nhông
nhõ
nhoẽ
nhoẽm
nhoẽn
nhõi
nhõm
nhõn
nhõng
nhù
nhùa
nhùi
nhùm
nhùn
nhùng
nhuỳn
nhuỳnh
nhú
nhúa
nhúc
nhúi
nhuích
nhúm
nhún
nhúng
nhúp
nhút
nhuýn
nhuýnh
nhuýp
nhuýt
nhý
nhých
nhýnh
nhă
nhăm
nhăn
nhăng
nhĩ
nhĩa
nhĩm
nhĩn
nhĩnh
nhĩu
nhũ
nhũa
nhũi
nhũm
nhũn
nhũng
nhuỹn
nhuỹnh
nhơ
nhơi
nhơm
nhơn
như
nhưa
nhưi
nhưm
nhưn
nhưng
nhưu
nhươi
nhươm
nhươn
nhương
nhước
nhưới
nhướm
nhướn
nhướng
nhướp
nhướt
nhười
nhườm
nhườn
nhường
nhưởi
nhưởm
nhưởn
nhưởng
nhưỡi
nhưỡm
nhưỡn
nhưỡng
nhược
nhượi
nhượm
nhượn
nhượng
nhượp
nhượt
nhạ
nhạc
nhạch
nhại
nhạm
nhạn
nhạng
nhạnh
nhạo
nhạp
nhạt
nhạu
nhạy
nhả
nhải
nhảm
nhản
nhảng
nhảnh
nhảo
nhảu
nhảy
nhấ
nhấc
nhấm
nhấn
nhấng
nhấp
nhất
nhấu
nhấy
nhầ
nhầm
nhần
nhầng
nhầu
nhầy
nhẩ
nhẩm
nhẩn
nhẩng
nhẩu
nhẩy
nhẫ
nhẫm
nhẫn
nhẫng
nhẫu
nhẫy
nhậ
nhậc
nhậm
nhận
nhậng
nhập
nhật
nhậu
nhậy
nhắ
nhắc
nhắm
nhắn
nhắng
nhắp
nhắt
nhằ
nhằm
nhằn
nhằng
nhẳ
nhẳm
nhẳn
nhẳng
nhẵ
nhẵm
nhẵn
nhẵng
nhặ
nhặc
nhặm
nhặn
nhặng
nhặp
nhặt
nhẹ
nhẹc
nhẹm
nhẹn
nhẹng
nhẹp
nhẹt
nhẻ
nhẻm
nhẻn
nhẻng
nhẽ
nhẽm
nhẽn
nhẽng
nhế
nhếch
nhếm
nhến
nhếnh
nhếp
nhết
nhếu
nhề
nhềm
nhền
nhềnh
nhều
nhể
nhểm
nhển
nhểnh
nhểu
nhễ
nhễm
nhễn
nhễnh
nhễu
nhệ
nhệch
nhệm
nhện
nhệnh
nhệp
nhệt
nhệu
nhỉ
nhỉa
nhỉm
nhỉn
nhỉnh
nhỉu
nhị
nhịa
nhịch
nhịm
nhịn
nhịnh
nhịp
nhịt
nhịu
nhọ
nhọc
nhoẹ
nhoẹm
nhoẹn
nhọi
nhọm
nhọn
nhọng
nhọp
nhọt
nhỏ
nhoẻ
nhoẻm
nhoẻn
nhỏi
nhỏm
nhỏn
nhỏng
nhố
nhốc
nhối
nhốm
nhốn
nhống
nhốp
nhốt
nhồ
nhồi
nhồm
nhồn
nhồng
nhổ
nhổi
nhổm
nhổn
nhổng
nhỗ
nhỗi
nhỗm
nhỗn
nhỗng
nhộ
nhộc
nhội
nhộm
nhộn
nhộng
nhộp
nhột
nhớ
nhới
nhớm
nhớn
nhớp
nhớt
nhờ
nhời
nhờm
nhờn
nhở
nhởi
nhởm
nhởn
nhỡ
nhỡi
nhỡm
nhỡn
nhợ
nhợi
nhợm
nhợn
nhợp
nhợt
nhụ
nhụa
nhục
nhụi
nhuịch
nhụm
nhụn
nhụng
nhụp
nhụt
nhuỵn
nhuỵnh
nhuỵp
nhuỵt
nhủ
nhủa
nhủi
nhủm
nhủn
nhủng
nhuỷn
nhuỷnh
nhứ
nhứa
nhức
nhứi
nhứm
nhứn
nhứng
nhứp
nhứt
nhứu
nhừ
nhừa
nhừi
nhừm
nhừn
nhừng
nhừu
nhử
nhửa
nhửi
nhửm
nhửn
nhửng
nhửu
nhữ
nhữa
nhữi
nhữm
nhữn
những
nhữu
nhự
nhựa
nhực
nhựi
nhựm
nhựn
nhựng
nhựp
nhựt
nhựu
nhỳ
nhỳnh
nhỵ
nhỵch
nhỵnh
nhỷ
nhỷnh
nhỹ
nhỹnh
ni
nia
nim
nin
ninh
niu
niêm
niên
niêng
niêu
niếc
niếm
niến
niếng
niếp
niết
niếu
niềm
niền
niềng
niều
niểm
niển
niểng
niểu
niễm
niễn
niễng
niễu
niệc
niệm
niện
niệng
niệp
niệt
niệu
no
noa
noai
noam
noan
noang
noanh
noay
noe
noem
noen
noi
nom
non
nong
noà
noài
noàm
noàn
noàng
noành
noày
noá
noác
noách
noái
noám
noán
noáng
noánh
noáp
noát
noáy
noã
noãi
noãm
noãn
noãng
noãnh
noãy
noạ
noạc
noạch
noại
noạm
noạn
noạng
noạnh
noạp
noạt
noạy
noả
noải
noảm
noản
noảng
noảnh
noảy
nu
nua
nui
num
nun
nung
nuy
nuyn
nuynh
nuyên
nuyến
nuyết
nuyền
nuyển
nuyễn
nuyện
nuyệt
nuân
nuây
nuê
nuênh
nuôi
nuôm
nuôn
nuông
nuý
nuấn
nuất
nuấy
nuần
nuầy
nuẩn
nuẩy
nuẫn
nuẫy
nuận
nuật
nuậy
nuế
nuếch
nuếnh
nuết
nuề
nuềnh
nuể
nuểnh
nuễ
nuễnh
nuệ
nuệch
nuệnh
nuệt
nuốc
nuối
nuốm
nuốn
nuống
nuốt
nuồi
nuồm
nuồn
nuồng
nuổi
nuổm
nuổn
nuổng
nuỗi
nuỗm
nuỗn
nuỗng
nuộc
nuội
nuộm
nuộn
nuộng
nuột
nuỳ
nuỵ
nuỷ
nuỹ
ny
nya
nynh
nya2
nya1
nya4
nyêm
nyên
nyêng
nyêu
nya5
nya3
nyếm
nyến
nyếng
nyếp
nyết
nyếu
nyềm
nyền
nyềng
nyều
nyểm
nyển
nyểng
nyểu
nyễm
nyễn
nyễng
nyễu
nyệm
nyện
nyệng
nyệp
nyệt
nyệu
nà
nài
nàm
nàn
nàng
nành
nào
nàu
này
ná
nác
nách
nái
nám
nán
náng
nánh
náo
náp
nát
náu
náy
nâ
nâm
nân
nâng
nâu
nây
nã
nãi
nãm
nãn
nãng
nãnh
não
nãu
nãy
nè
nèm
nèn
nèng
né
néc
ném
nén
néng
nép
nét
nê
nêm
nên
nênh
nêu
nì
nìa
nìm
nìn
nình
nìu
ní
nía
ních
ním
nín
nính
níp
nít
níu
nò
noè
noèm
noèn
nòi
nòm
nòn
nòng
nó
nóc
noé
noém
noén
nói
nóm
nón
nóng
nóp
nót
nô
nôi
nôm
nôn
nông
nõ
noẽ
noẽm
noẽn
nõi
nõm
nõn
nõng
nù
nùa
nùi
nùm
nùn
nùng
nuỳn
nuỳnh
nú
núa
núc
núi
nuích
núm
nún
núng
núp
nút
nuýn
nuýnh
nuýp
nuýt
ný
ných
nýnh
nă
năm
năn
năng
nĩ
nĩa
nĩm
nĩn
nĩnh
nĩu
nũ
nũa
nũi
nũm
nũn
nũng
nuỹn
nuỹnh
nơ
nơi
nơm
nơn
nư
nưa
nưi
nưm
nưn
nưng
nưu
nươi
nươm
nươn
nương
nước
nưới
nướm
nướn
nướng
nướp
nướt
nười
nườm
nườn
nường
nưởi
nưởm
nưởn
nưởng
nưỡi
nưỡm
nưỡn
nưỡng
nược
nượi
nượm
nượn
nượng
nượp
nượt
nạ
nạc
nạch
nại
nạm
nạn
nạng
nạnh
nạo
nạp
nạt
nạu
nạy
nả
nải
nảm
nản
nảng
nảnh
nảo
nảu
nảy
nấ
nấc
nấm
nấn
nấng
nấp
nất
nấu
nấy
nầ
nầm
nần
nầng
nầu
nầy
nẩ
nẩm
nẩn
nẩng
nẩu
nẩy
nẫ
nẫm
nẫn
nẫng
nẫu
nẫy
nậ
nậc
nậm
nận
nậng
nập
nật
nậu
nậy
nắ
nắc
nắm
nắn
nắng
nắp
nắt
nằ
nằm
nằn
nằng
nẳ
nẳm
nẳn
nẳng
nẵ
nẵm
nẵn
nẵng
nặ
nặc
nặm
nặn
nặng
nặp
nặt
nẹ
nẹc
nẹm
nẹn
nẹng
nẹp
nẹt
nẻ
nẻm
nẻn
nẻng
nẽ
nẽm
nẽn
nẽng
nế
nếch
nếm
nến
nếnh
nếp
nết
nếu
nề
nềm
nền
nềnh
nều
nể
nểm
nển
nểnh
nểu
nễ
nễm
nễn
nễnh
nễu
nệ
nệch
nệm
nện
nệnh
nệp
nệt
nệu
nỉ
nỉa
nỉm
nỉn
nỉnh
nỉu
nị
nịa
nịch
nịm
nịn
nịnh
nịp
nịt
nịu
nọ
nọc
noẹ
noẹm
noẹn
nọi
nọm
nọn
nọng
nọp
nọt
nỏ
noẻ
noẻm
noẻn
nỏi
nỏm
nỏn
nỏng
nố
nốc
nối
nốm
nốn
nống
nốp
nốt
nồ
nồi
nồm
nồn
nồng
nổ
nổi
nổm
nổn
nổng
nỗ
nỗi
nỗm
nỗn
nỗng
nộ
nộc
nội
nộm
nộn
nộng
nộp
nột
nớ
nới
nớm
nớn
nớp
nớt
nờ
nời
nờm
nờn
nở
nởi
nởm
nởn
nỡ
nỡi
nỡm
nỡn
nợ
nợi
nợm
nợn
nợp
nợt
nụ
nụa
nục
nụi
nuịch
nụm
nụn
nụng
nụp
nụt
nuỵn
nuỵnh
nuỵp
nuỵt
nủ
nủa
nủi
nủm
nủn
nủng
nuỷn
nuỷnh
nứ
nứa
nức
nứi
nứm
nứn
nứng
nứp
nứt
nứu
nừ
nừa
nừi
nừm
nừn
nừng
nừu
nử
nửa
nửi
nửm
nửn
nửng
nửu
nữ
nữa
nữi
nữm
nữn
nững
nữu
nự
nựa
nực
nựi
nựm
nựn
nựng
nựp
nựt
nựu
nỳ
nỳnh
nỵ
nỵch
nỵnh
nỷ
nỷnh
nỹ
nỹnh
o
oa
oai
oam
oan
oang
oanh
oay
oe
oem
oen
oi
om
on
ong
oà
oài
oàm
oàn
oàng
oành
oày
oá
oác
oách
oái
oám
oán
oáng
oánh
oáp
oát
oáy
oã
oãi
oãm
oãn
oãng
oãnh
oãy
oạ
oạc
oạch
oại
oạm
oạn
oạng
oạnh
oạp
oạt
oạy
oả
oải
oảm
oản
oảng
oảnh
oảy
pa
pai
pam
pan
pang
panh
pao
pau
pay
pe
pem
pen
peng
peo
pèo
péo
pẽo
pẹo
pẻo
pha
phai
pham
phan
phang
phanh
phao
phau
phay
phe
phem
phen
pheng
pheo
phèo
phéo
phẽo
phẹo
phẻo
phi
phia
phim
phin
phinh
phiu
phiêm
phiên
phiêng
phiêu
phiếc
phiếm
phiến
phiếng
phiếp
phiết
phiếu
phiềm
phiền
phiềng
phiều
phiểm
phiển
phiểng
phiểu
phiễm
phiễn
phiễng
phiễu
phiệc
phiệm
phiện
phiệng
phiệp
phiệt
phiệu
pho
phoa
phoai
phoam
phoan
phoang
phoanh
phoay
phoe
phoem
phoen
phoi
phom
phon
phong
phoà
phoài
phoàm
phoàn
phoàng
phoành
phoày
phoá
phoác
phoách
phoái
phoám
phoán
phoáng
phoánh
phoáp
phoát
phoáy
phoã
phoãi
phoãm
phoãn
phoãng
phoãnh
phoãy
phoạ
phoạc
phoạch
phoại
phoạm
phoạn
phoạng
phoạnh
phoạp
phoạt
phoạy
phoả
phoải
phoảm
phoản
phoảng
phoảnh
phoảy
phu
phua
phui
phum
phun
phung
phuy
phuyn
phuynh
phuyên
phuyến
phuyết
phuyền
phuyển
phuyễn
phuyện
phuyệt
phuân
phuây
phuê
phuênh
phuôi
phuôm
phuôn
phuông
phuý
phuấn
phuất
phuấy
phuần
phuầy
phuẩn
phuẩy
phuẫn
phuẫy
phuận
phuật
phuậy
phuế
phuếch
phuếnh
phuết
phuề
phuềnh
phuể
phuểnh
phuễ
phuễnh
phuệ
phuệch
phuệnh
phuệt
phuốc
phuối
phuốm
phuốn
phuống
phuốt
phuồi
phuồm
phuồn
phuồng
phuổi
phuổm
phuổn
phuổng
phuỗi
phuỗm
phuỗn
phuỗng
phuộc
phuội
phuộm
phuộn
phuộng
phuột
phuỳ
phuỵ
phuỷ
phuỹ
phy
phya
phynh
phya2
phya1
phya4
phyêm
phyên
phyêng
phyêu
phya5
phya3
phyếm
phyến
phyếng
phyếp
phyết
phyếu
phyềm
phyền
phyềng
phyều
phyểm
phyển
phyểng
phyểu
phyễm
phyễn
phyễng
phyễu
phyệm
phyện
phyệng
phyệp
phyệt
phyệu
phà
phài
phàm
phàn
phàng
phành
phào
phàu
phày
phá
phác
phách
phái
phám
phán
pháng
phánh
pháo
pháp
phát
pháu
pháy
phâ
phâm
phân
phâng
phâu
phây
phã
phãi
phãm
phãn
phãng
phãnh
phão
phãu
phãy
phè
phèm
phèn
phèng
phé
phéc
phém
phén
phéng
phép
phét
phê
phêm
phên
phênh
phêu
phì
phìa
phìm
phìn
phình
phìu
phí
phía
phích
phím
phín
phính
phíp
phít
phíu
phò
phoè
phoèm
phoèn
phòi
phòm
phòn
phòng
phó
phóc
phoé
phoém
phoén
phói
phóm
phón
phóng
phóp
phót
phô
phôi
phôm
phôn
phông
phõ
phoẽ
phoẽm
phoẽn
phõi
phõm
phõn
phõng
phù
phùa
phùi
phùm
phùn
phùng
phuỳn
phuỳnh
phú
phúa
phúc
phúi
phuích
phúm
phún
phúng
phúp
phút
phuýn
phuýnh
phuýp
phuýt
phý
phých
phýnh
phă
phăm
phăn
phăng
phĩ
phĩa
phĩm
phĩn
phĩnh
phĩu
phũ
phũa
phũi
phũm
phũn
phũng
phuỹn
phuỹnh
phơ
phơi
phơm
phơn
phư
phưa
phưi
phưm
phưn
phưng
phưu
phươi
phươm
phươn
phương
phước
phưới
phướm
phướn
phướng
phướp
phướt
phười
phườm
phườn
phường
phưởi
phưởm
phưởn
phưởng
phưỡi
phưỡm
phưỡn
phưỡng
phược
phượi
phượm
phượn
phượng
phượp
phượt
phạ
phạc
phạch
phại
phạm
phạn
phạng
phạnh
phạo
phạp
phạt
phạu
phạy
phả
phải
phảm
phản
phảng
phảnh
phảo
phảu
phảy
phấ
phấc
phấm
phấn
phấng
phấp
phất
phấu
phấy
phầ
phầm
phần
phầng
phầu
phầy
phẩ
phẩm
phẩn
phẩng
phẩu
phẩy
phẫ
phẫm
phẫn
phẫng
phẫu
phẫy
phậ
phậc
phậm
phận
phậng
phập
phật
phậu
phậy
phắ
phắc
phắm
phắn
phắng
phắp
phắt
phằ
phằm
phằn
phằng
phẳ
phẳm
phẳn
phẳng
phẵ
phẵm
phẵn
phẵng
phặ
phặc
phặm
phặn
phặng
phặp
phặt
phẹ
phẹc
phẹm
phẹn
phẹng
phẹp
phẹt
phẻ
phẻm
phẻn
phẻng
phẽ
phẽm
phẽn
phẽng
phế
phếch
phếm
phến
phếnh
phếp
phết
phếu
phề
phềm
phền
phềnh
phều
phể
phểm
phển
phểnh
phểu
phễ
phễm
phễn
phễnh
phễu
phệ
phệch
phệm
phện
phệnh
phệp
phệt
phệu
phỉ
phỉa
phỉm
phỉn
phỉnh
phỉu
phị
phịa
phịch
phịm
phịn
phịnh
phịp
phịt
phịu
phọ
phọc
phoẹ
phoẹm
phoẹn
phọi
phọm
phọn
phọng
phọp
phọt
phỏ
phoẻ
phoẻm
phoẻn
phỏi
phỏm
phỏn
phỏng
phố
phốc
phối
phốm
phốn
phống
phốp
phốt
phồ
phồi
phồm
phồn
phồng
phổ
phổi
phổm
phổn
phổng
phỗ
phỗi
phỗm
phỗn
phỗng
phộ
phộc
phội
phộm
phộn
phộng
phộp
phột
phớ
phới
phớm
phớn
phớp
phớt
phờ
phời
phờm
phờn
phở
phởi
phởm
phởn
phỡ
phỡi
phỡm
phỡn
phợ
phợi
phợm
phợn
phợp
phợt
phụ
phụa
phục
phụi
phuịch
phụm
phụn
phụng
phụp
phụt
phuỵn
phuỵnh
phuỵp
phuỵt
phủ
phủa
phủi
phủm
phủn
phủng
phuỷn
phuỷnh
phứ
phứa
phức
phứi
phứm
phứn
phứng
phứp
phứt
phứu
phừ
phừa
phừi
phừm
phừn
phừng
phừu
phử
phửa
phửi
phửm
phửn
phửng
phửu
phữ
phữa
phữi
phữm
phữn
phững
phữu
phự
phựa
phực
phựi
phựm
phựn
phựng
phựp
phựt
phựu
phỳ
phỳnh
phỵ
phỵch
phỵnh
phỷ
phỷnh
phỹ
phỹnh
pi
pia
pim
pin
pinh
piu
piêm
piên
piêng
piêu
piếc
piếm
piến
piếng
piếp
piết
piếu
piềm
piền
piềng
piều
piểm
piển
piểng
piểu
piễm
piễn
piễng
piễu
piệc
piệm
piện
piệng
piệp
piệt
piệu
po
poa
poai
poam
poan
poang
poanh
poay
poe
poem
poen
poi
pom
pon
pong
poà
poài
poàm
poàn
poàng
poành
poày
poá
poác
poách
poái
poám
poán
poáng
poánh
poáp
poát
poáy
poã
poãi
poãm
poãn
poãng
poãnh
poãy
poạ
poạc
poạch
poại
poạm
poạn
poạng
poạnh
poạp
poạt
poạy
poả
poải
poảm
poản
poảng
poảnh
poảy
pu
pua
pui
pum
pun
pung
puy
puyn
puynh
puyên
puyến
puyết
puyền
puyển
puyễn
puyện
puyệt
puân
puây
puê
puênh
puôi
puôm
puôn
puông
puý
puấn
puất
puấy
puần
puầy
puẩn
puẩy
puẫn
puẫy
puận
puật
puậy
puế
puếch
puếnh
puết
puề
puềnh
puể
puểnh
puễ
puễnh
puệ
puệch
puệnh
puệt
puốc
puối
puốm
puốn
puống
puốt
puồi
puồm
puồn
puồng
puổi
puổm
puổn
puổng
puỗi
puỗm
puỗn
puỗng
puộc
puội
puộm
puộn
puộng
puột
puỳ
puỵ
puỷ
puỹ
py
pya
pynh
pya2
pya1
pya4
pyêm
pyên
pyêng
pyêu
pya5
pya3
pyếm
pyến
pyếng
pyếp
pyết
pyếu
pyềm
pyền
pyềng
pyều
pyểm
pyển
pyểng
pyểu
pyễm
pyễn
pyễng
pyễu
pyệm
pyện
pyệng
pyệp
pyệt
pyệu
pà
pài
pàm
pàn
pàng
pành
pào
pàu
pày
pá
pác
pách
pái
pám
pán
páng
pánh
páo
páp
pát
páu
páy
pâ
pâm
pân
pâng
pâu
pây
pã
pãi
pãm
pãn
pãng
pãnh
pão
pãu
pãy
pè
pèm
pèn
pèng
pé
péc
pém
pén
péng
pép
pét
pê
pêm
pên
pênh
pêu
pì
pìa
pìm
pìn
pình
pìu
pí
pía
pích
pím
pín
pính
píp
pít
píu
pò
poè
poèm
poèn
pòi
pòm
pòn
pòng
pó
póc
poé
poém
poén
pói
póm
pón
póng
póp
pót
pô
pôi
pôm
pôn
pông
põ
poẽ
poẽm
poẽn
põi
põm
põn
põng
pù
pùa
pùi
pùm
pùn
pùng
puỳn
puỳnh
pú
púa
púc
púi
puích
púm
pún
púng
púp
pút
puýn
puýnh
puýp
puýt
pý
pých
pýnh
pă
păm
păn
păng
pĩ
pĩa
pĩm
pĩn
pĩnh
pĩu
pũ
pũa
pũi
pũm
pũn
pũng
puỹn
puỹnh
pơ
pơi
pơm
pơn
pư
pưa
pưi
pưm
pưn
pưng
pưu
pươi
pươm
pươn
pương
pước
pưới
pướm
pướn
pướng
pướp
pướt
pười
pườm
pườn
pường
pưởi
pưởm
pưởn
pưởng
pưỡi
pưỡm
pưỡn
pưỡng
pược
pượi
pượm
pượn
pượng
pượp
pượt
pạ
pạc
pạch
pại
pạm
pạn
pạng
pạnh
pạo
pạp
pạt
pạu
pạy
pả
pải
pảm
pản
pảng
pảnh
pảo
pảu
pảy
pấ
pấc
pấm
pấn
pấng
pấp
pất
pấu
pấy
pầ
pầm
pần
pầng
pầu
pầy
pẩ
pẩm
pẩn
pẩng
pẩu
pẩy
pẫ
pẫm
pẫn
pẫng
pẫu
pẫy
pậ
pậc
pậm
pận
pậng
pập
pật
pậu
pậy
pắ
pắc
pắm
pắn
pắng
pắp
pắt
pằ
pằm
pằn
pằng
pẳ
pẳm
pẳn
pẳng
pẵ
pẵm
pẵn
pẵng
pặ
pặc
pặm
pặn
pặng
pặp
pặt
pẹ
pẹc
pẹm
pẹn
pẹng
pẹp
pẹt
pẻ
pẻm
pẻn
pẻng
pẽ
pẽm
pẽn
pẽng
pế
pếch
pếm
pến
pếnh
pếp
pết
pếu
pề
pềm
pền
pềnh
pều
pể
pểm
pển
pểnh
pểu
pễ
pễm
pễn
pễnh
pễu
pệ
pệch
pệm
pện
pệnh
pệp
pệt
pệu
pỉ
pỉa
pỉm
pỉn
pỉnh
pỉu
pị
pịa
pịch
pịm
pịn
pịnh
pịp
pịt
pịu
pọ
pọc
poẹ
poẹm
poẹn
pọi
pọm
pọn
pọng
pọp
pọt
pỏ
poẻ
poẻm
poẻn
pỏi
pỏm
pỏn
pỏng
pố
pốc
pối
pốm
pốn
pống
pốp
pốt
pồ
pồi
pồm
pồn
pồng
pổ
pổi
pổm
pổn
pổng
pỗ
pỗi
pỗm
pỗn
pỗng
pộ
pộc
pội
pộm
pộn
pộng
pộp
pột
pớ
pới
pớm
pớn
pớp
pớt
pờ
pời
pờm
pờn
pở
pởi
pởm
pởn
pỡ
pỡi
pỡm
pỡn
pợ
pợi
pợm
pợn
pợp
pợt
pụ
pụa
pục
pụi
puịch
pụm
pụn
pụng
pụp
pụt
puỵn
puỵnh
puỵp
puỵt
pủ
pủa
pủi
pủm
pủn
pủng
puỷn
puỷnh
pứ
pứa
pức
pứi
pứm
pứn
pứng
pứp
pứt
pứu
pừ
pừa
pừi
pừm
pừn
pừng
pừu
pử
pửa
pửi
pửm
pửn
pửng
pửu
pữ
pữa
pữi
pữm
pữn
pững
pữu
pự
pựa
pực
pựi
pựm
pựn
pựng
pựp
pựt
pựu
pỳ
pỳnh
pỵ
pỵch
pỵnh
pỷ
pỷnh
pỹ
pỹnh
qua
quai
quam
quan
quang
quanh
quao
quau
quay
que
quem
quen
queng
queo
quèo
quéo
quẽo
quẹo
quẻo
qui
quia
quim
quin
quinh
quiu
quiêm
quiên
quiêng
quiêu
quiếc
quiếm
quiến
quiếng
quiếp
quiết
quiếu
quiềm
quiền
quiềng
quiều
quiểm
quiển
quiểng
quiểu
quiễm
quiễn
quiễng
quiễu
quiệc
quiệm
quiện
quiệng
quiệp
quiệt
quiệu
quy
quya
quynh
quya2
quya1
quya4
quyêm
quyên
quyêng
quyêu
quya5
quya3
quyếm
quyến
quyếng
quyếp
quyết
quyếu
quyềm
quyền
quyềng
quyều
quyểm
quyển
quyểng
quyểu
quyễm
quyễn
quyễng
quyễu
quyệm
quyện
quyệng
quyệp
quyệt
quyệu
quà
quài
quàm
quàn
quàng
quành
quào
quàu
quày
quá
quác
quách
quái
quám
quán
quáng
quánh
quáo
quáp
quát
quáu
quáy
quâ
quâm
quân
quâng
quâu
quây
quã
quãi
quãm
quãn
quãng
quãnh
quão
quãu
quãy
què
quèm
quèn
quèng
qué
quéc
quém
quén
quéng
quép
quét
quê
quêm
quên
quênh
quêu
quì
quìa
quìm
quìn
quình
quìu
quí
quía
quích
quím
quín
quính
quíp
quít
quíu
quô
quôi
quôm
quôn
quông
quý
quých
quýnh
quă
quăm
quăn
quăng
quĩ
quĩa
quĩm
quĩn
quĩnh
quĩu
quơ
quơi
quơm
quơn
quư
quưa
quưi
quưm
quưn
quưng
quưu
quươi
quươm
quươn
quương
quước
quưới
quướm
quướn
quướng
quướp
quướt
quười
quườm
quườn
quường
quưởi
quưởm
quưởn
quưởng
quưỡi
quưỡm
quưỡn
quưỡng
quược
quượi
quượm
quượn
quượng
quượp
quượt
quạ
quạc
quạch
quại
quạm
quạn
quạng
quạnh
quạo
quạp
quạt
quạu
quạy
quả
quải
quảm
quản
quảng
quảnh
quảo
quảu
quảy
quấ
quấc
quấm
quấn
quấng
quấp
quất
quấu
quấy
quầ
quầm
quần
quầng
quầu
quầy
quẩ
quẩm
quẩn
quẩng
quẩu
quẩy
quẫ
quẫm
quẫn
quẫng
quẫu
quẫy
quậ
quậc
quậm
quận
quậng
quập
quật
quậu
quậy
quắ
quắc
quắm
quắn
quắng
quắp
quắt
quằ
quằm
quằn
quằng
quẳ
quẳm
quẳn
quẳng
quẵ
quẵm
quẵn
quẵng
quặ
quặc
quặm
quặn
quặng
quặp
quặt
quẹ
quẹc
quẹm
quẹn
quẹng
quẹp
quẹt
quẻ
quẻm
quẻn
quẻng
quẽ
quẽm
quẽn
quẽng
quế
quếch
quếm
quến
quếnh
quếp
quết
quếu
quề
quềm
quền
quềnh
quều
quể
quểm
quển
quểnh
quểu
quễ
quễm
quễn
quễnh
quễu
quệ
quệch
quệm
quện
quệnh
quệp
quệt
quệu
quỉ
quỉa
quỉm
quỉn
quỉnh
quỉu
quị
quịa
quịch
quịm
quịn
quịnh
quịp
quịt
quịu
quố
quốc
quối
quốm
quốn
quống
quốp
quốt
quồ
quồi
quồm
quồn
quồng
quổ
quổi
quổm
quổn
quổng
quỗ
quỗi
quỗm
quỗn
quỗng
quộ
quộc
quội
quộm
quộn
quộng
quộp
quột
quớ
quới
quớm
quớn
quớp
quớt
quờ
quời
quờm
quờn
quở
quởi
quởm
quởn
quỡ
quỡi
quỡm
quỡn
quợ
quợi
quợm
quợn
quợp
quợt
quứ
quứa
quức
quứi
quứm
quứn
quứng
quứp
quứt
quứu
quừ
quừa
quừi
quừm
quừn
quừng
quừu
quử
quửa
quửi
quửm
quửn
quửng
quửu
quữ
quữa
quữi
quữm
quữn
quững
quữu
quự
quựa
quực
quựi
quựm
quựn
quựng
quựp
quựt
quựu
quỳ
quỳnh
quỵ
quỵch
quỵnh
quỷ
quỷnh
quỹ
quỹnh
ra
rai
ram
ran
rang
ranh
rao
rau
ray
re
rem
ren
reng
reo
rèo
réo
rẽo
rẹo
rẻo
ri
ria
rim
rin
rinh
riu
riêm
riên
riêng
riêu
riếc
riếm
riến
riếng
riếp
riết
riếu
riềm
riền
riềng
riều
riểm
riển
riểng
riểu
riễm
riễn
riễng
riễu
riệc
riệm
riện
riệng
riệp
riệt
riệu
ro
roa
roai
roam
roan
roang
roanh
roay
roe
roem
roen
roi
rom
ron
rong
roà
roài
roàm
roàn
roàng
roành
roày
roá
roác
roách
roái
roám
roán
roáng
roánh
roáp
roát
roáy
roã
roãi
roãm
roãn
roãng
roãnh
roãy
roạ
roạc
roạch
roại
roạm
roạn
roạng
roạnh
roạp
roạt
roạy
roả
roải
roảm
roản
roảng
roảnh
roảy
ru
rua
rui
rum
run
rung
ruy
ruyn
ruynh
ruyên
ruyến
ruyết
ruyền
ruyển
ruyễn
ruyện
ruyệt
ruân
ruây
ruê
ruênh
ruôi
ruôm
ruôn
ruông
ruý
ruấn
ruất
ruấy
ruần
ruầy
ruẩn
ruẩy
ruẫn
ruẫy
ruận
ruật
ruậy
ruế
ruếch
ruếnh
ruết
ruề
ruềnh
ruể
ruểnh
ruễ
ruễnh
ruệ
ruệch
ruệnh
ruệt
ruốc
ruối
ruốm
ruốn
ruống
ruốt
ruồi
ruồm
ruồn
ruồng
ruổi
ruổm
ruổn
ruổng
ruỗi
ruỗm
ruỗn
ruỗng
ruộc
ruội
ruộm
ruộn
ruộng
ruột
ruỳ
ruỵ
ruỷ
ruỹ
ry
rya
rynh
rya2
rya1
rya4
ryêm
ryên
ryêng
ryêu
rya5
rya3
ryếm
ryến
ryếng
ryếp
ryết
ryếu
ryềm
ryền
ryềng
ryều
ryểm
ryển
ryểng
ryểu
ryễm
ryễn
ryễng
ryễu
ryệm
ryện
ryệng
ryệp
ryệt
ryệu
rà
rài
ràm
ràn
ràng
rành
rào
ràu
rày
rá
rác
rách
rái
rám
rán
ráng
ránh
ráo
ráp
rát
ráu
ráy
râ
râm
rân
râng
râu
rây
rã
rãi
rãm
rãn
rãng
rãnh
rão
rãu
rãy
rè
rèm
rèn
rèng
ré
réc
rém
rén
réng
rép
rét
rê
rêm
rên
rênh
rêu
rì
rìa
rìm
rìn
rình
rìu
rí
ría
rích
rím
rín
rính
ríp
rít
ríu
rò
roè
roèm
roèn
ròi
ròm
ròn
ròng
ró
róc
roé
roém
roén
rói
róm
rón
róng
róp
rót
rô
rôi
rôm
rôn
rông
rõ
roẽ
roẽm
roẽn
rõi
rõm
rõn
rõng
rù
rùa
rùi
rùm
rùn
rùng
ruỳn
ruỳnh
rú
rúa
rúc
rúi
ruích
rúm
rún
rúng
rúp
rút
ruýn
ruýnh
ruýp
ruýt
rý
rých
rýnh
ră
răm
răn
răng
rĩ
rĩa
rĩm
rĩn
rĩnh
rĩu
rũ
rũa
rũi
rũm
rũn
rũng
ruỹn
ruỹnh
rơ
rơi
rơm
rơn
rư
rưa
rưi
rưm
rưn
rưng
rưu
rươi
rươm
rươn
rương
rước
rưới
rướm
rướn
rướng
rướp
rướt
rười
rườm
rườn
rường
rưởi
rưởm
rưởn
rưởng
rưỡi
rưỡm
rưỡn
rưỡng
rược
rượi
rượm
rượn
rượng
rượp
rượt
rạ
rạc
rạch
rại
rạm
rạn
rạng
rạnh
rạo
rạp
rạt
rạu
rạy
rả
rải
rảm
rản
rảng
rảnh
rảo
rảu
rảy
rấ
rấc
rấm
rấn
rấng
rấp
rất
rấu
rấy
rầ
rầm
rần
rầng
rầu
rầy
rẩ
rẩm
rẩn
rẩng
rẩu
rẩy
rẫ
rẫm
rẫn
rẫng
rẫu
rẫy
rậ
rậc
rậm
rận
rậng
rập
rật
rậu
rậy
rắ
rắc
rắm
rắn
rắng
rắp
rắt
rằ
rằm
rằn
rằng
rẳ
rẳm
rẳn
rẳng
rẵ
rẵm
rẵn
rẵng
rặ
rặc
rặm
rặn
rặng
rặp
rặt
rẹ
rẹc
rẹm
rẹn
rẹng
rẹp
rẹt
rẻ
rẻm
rẻn
rẻng
rẽ
rẽm
rẽn
rẽng
rế
rếch
rếm
rến
rếnh
rếp
rết
rếu
rề
rềm
rền
rềnh
rều
rể
rểm
rển
rểnh
rểu
rễ
rễm
rễn
rễnh
rễu
rệ
rệch
rệm
rện
rệnh
rệp
rệt
rệu
rỉ
rỉa
rỉm
rỉn
rỉnh
rỉu
rị
rịa
rịch
rịm
rịn
rịnh
rịp
rịt
rịu
rọ
rọc
roẹ
roẹm
roẹn
rọi
rọm
rọn
rọng
rọp
rọt
rỏ
roẻ
roẻm
roẻn
rỏi
rỏm
rỏn
rỏng
rố
rốc
rối
rốm
rốn
rống
rốp
rốt
rồ
rồi
rồm
rồn
rồng
rổ
rổi
rổm
rổn
rổng
rỗ
rỗi
rỗm
rỗn
rỗng
rộ
rộc
rội
rộm
rộn
rộng
rộp
rột
rớ
rới
rớm
rớn
rớp
rớt
rờ
rời
rờm
rờn
rở
rởi
rởm
rởn
rỡ
rỡi
rỡm
rỡn
rợ
rợi
rợm
rợn
rợp
rợt
rụ
rụa
rục
rụi
ruịch
rụm
rụn
rụng
rụp
rụt
ruỵn
ruỵnh
ruỵp
ruỵt
rủ
rủa
rủi
rủm
rủn
rủng
ruỷn
ruỷnh
rứ
rứa
rức
rứi
rứm
rứn
rứng
rứp
rứt
rứu
rừ
rừa
rừi
rừm
rừn
rừng
rừu
rử
rửa
rửi
rửm
rửn
rửng
rửu
rữ
rữa
rữi
rữm
rữn
rững
rữu
rự
rựa
rực
rựi
rựm
rựn
rựng
rựp
rựt
rựu
rỳ
rỳnh
rỵ
rỵch
rỵnh
rỷ
rỷnh
rỹ
rỹnh
sa
sai
sam
san
sang
sanh
sao
sau
say
se
sem
sen
seng
seo
sèo
séo
sẽo
sẹo
sẻo
si
sia
sim
sin
sinh
siu
siêm
siên
siêng
siêu
siếc
siếm
siến
siếng
siếp
siết
siếu
siềm
siền
siềng
siều
siểm
siển
siểng
siểu
siễm
siễn
siễng
siễu
siệc
siệm
siện
siệng
siệp
siệt
siệu
so
soa
soai
soam
soan
soang
soanh
soay
soe
soem
soen
soi
som
son
song
soà
soài
soàm
soàn
soàng
soành
soày
soá
soác
soách
soái
soám
soán
soáng
soánh
soáp
soát
soáy
soã
soãi
soãm
soãn
soãng
soãnh
soãy
soạ
soạc
soạch
soại
soạm
soạn
soạng
soạnh
soạp
soạt
soạy
soả
soải
soảm
soản
soảng
soảnh
soảy
su
sua
sui
sum
sun
sung
suy
suyn
suynh
suyên
suyến
suyết
suyền
suyển
suyễn
suyện
suyệt
suân
suây
suê
suênh
suôi
suôm
suôn
suông
suý
suấn
suất
suấy
suần
suầy
suẩn
suẩy
suẫn
suẫy
suận
suật
suậy
suế
suếch
suếnh
suết
suề
suềnh
suể
suểnh
suễ
suễnh
suệ
suệch
suệnh
suệt
suốc
suối
suốm
suốn
suống
suốt
suồi
suồm
suồn
suồng
suổi
suổm
suổn
suổng
suỗi
suỗm
suỗn
suỗng
suộc
suội
suộm
suộn
suộng
suột
suỳ
suỵ
suỷ
suỹ
sy
sya
synh
sya2
sya1
sya4
syêm
syên
syêng
syêu
sya5
sya3
syếm
syến
syếng
syếp
syết
syếu
syềm
syền
syềng
syều
syểm
syển
syểng
syểu
syễm
syễn
syễng
syễu
syệm
syện
syệng
syệp
syệt
syệu
sà
sài
sàm
sàn
sàng
sành
sào
sàu
sày
sá
sác
sách
sái
sám
sán
sáng
sánh
sáo
sáp
sát
sáu
sáy
sâ
sâm
sân
sâng
sâu
sây
sã
sãi
sãm
sãn
sãng
sãnh
são
sãu
sãy
sè
sèm
sèn
sèng
sé
séc
sém
sén
séng
sép
sét
sê
sêm
sên
sênh
sêu
sì
sìa
sìm
sìn
sình
sìu
sí
sía
sích
sím
sín
sính
síp
sít
síu
sò
soè
soèm
soèn
sòi
sòm
sòn
sòng
só
sóc
soé
soém
soén
sói
sóm
són
sóng
sóp
sót
sô
sôi
sôm
sôn
sông
sõ
soẽ
soẽm
soẽn
sõi
sõm
sõn
sõng
sù
sùa
sùi
sùm
sùn
sùng
suỳn
suỳnh
sú
súa
súc
súi
suích
súm
sún
súng
súp
sút
suýn
suýnh
suýp
suýt
sý
sých
sýnh
să
săm
săn
săng
sĩ
sĩa
sĩm
sĩn
sĩnh
sĩu
sũ
sũa
sũi
sũm
sũn
sũng
suỹn
suỹnh
sơ
sơi
sơm
sơn
sư
sưa
sưi
sưm
sưn
sưng
sưu
sươi
sươm
sươn
sương
sước
sưới
sướm
sướn
sướng
sướp
sướt
sười
sườm
sườn
sường
sưởi
sưởm
sưởn
sưởng
sưỡi
sưỡm
sưỡn
sưỡng
sược
sượi
sượm
sượn
sượng
sượp
sượt
sạ
sạc
sạch
sại
sạm
sạn
sạng
sạnh
sạo
sạp
sạt
sạu
sạy
sả
sải
sảm
sản
sảng
sảnh
sảo
sảu
sảy
sấ
sấc
sấm
sấn
sấng
sấp
sất
sấu
sấy
sầ
sầm
sần
sầng
sầu
sầy
sẩ
sẩm
sẩn
sẩng
sẩu
sẩy
sẫ
sẫm
sẫn
sẫng
sẫu
sẫy
sậ
sậc
sậm
sận
sậng
sập
sật
sậu
sậy
sắ
sắc
sắm
sắn
sắng
sắp
sắt
sằ
sằm
sằn
sằng
sẳ
sẳm
sẳn
sẳng
sẵ
sẵm
sẵn
sẵng
sặ
sặc
sặm
sặn
sặng
sặp
sặt
sẹ
sẹc
sẹm
sẹn
sẹng
sẹp
sẹt
sẻ
sẻm
sẻn
sẻng
sẽ
sẽm
sẽn
sẽng
sế
sếch
sếm
sến
sếnh
sếp
sết
sếu
sề
sềm
sền
sềnh
sều
sể
sểm
sển
sểnh
sểu
sễ
sễm
sễn
sễnh
sễu
sệ
sệch
sệm
sện
sệnh
sệp
sệt
sệu
sỉ
sỉa
sỉm
sỉn
sỉnh
sỉu
sị
sịa
sịch
sịm
sịn
sịnh
sịp
sịt
sịu
sọ
sọc
soẹ
soẹm
soẹn
sọi
sọm
sọn
sọng
sọp
sọt
sỏ
soẻ
soẻm
soẻn
sỏi
sỏm
sỏn
sỏng
số
sốc
sối
sốm
sốn
sống
sốp
sốt
sồ
sồi
sồm
sồn
sồng
sổ
sổi
sổm
sổn
sổng
sỗ
sỗi
sỗm
sỗn
sỗng
sộ
sộc
sội
sộm
sộn
sộng
sộp
sột
sớ
sới
sớm
sớn
sớp
sớt
sờ
sời
sờm
sờn
sở
sởi
sởm
sởn
sỡ
sỡi
sỡm
sỡn
sợ
sợi
sợm
sợn
sợp
sợt
sụ
sụa
sục
sụi
suịch
sụm
sụn
sụng
sụp
sụt
suỵn
suỵnh
suỵp
suỵt
sủ
sủa
sủi
sủm
sủn
sủng
suỷn
suỷnh
sứ
sứa
sức
sứi
sứm
sứn
sứng
sứp
sứt
sứu
sừ
sừa
sừi
sừm
sừn
sừng
sừu
sử
sửa
sửi
sửm
sửn
sửng
sửu
sữ
sữa
sữi
sữm
sữn
sững
sữu
sự
sựa
sực
sựi
sựm
sựn
sựng
sựp
sựt
sựu
sỳ
sỳnh
sỵ
sỵch
sỵnh
sỷ
sỷnh
sỹ
sỹnh
ta
tai
tam
tan
tang
tanh
tao
tau
tay
te
tem
ten
teng
teo
tèo
téo
tẽo
tẹo
tẻo
tha
thai
tham
than
thang
thanh
thao
thau
thay
the
them
then
theng
theo
thèo
théo
thẽo
thẹo
thẻo
thi
thia
thim
thin
thinh
thiu
thiêm
thiên
thiêng
thiêu
thiếc
thiếm
thiến
thiếng
thiếp
thiết
thiếu
thiềm
thiền
thiềng
thiều
thiểm
thiển
thiểng
thiểu
thiễm
thiễn
thiễng
thiễu
thiệc
thiệm
thiện
thiệng
thiệp
thiệt
thiệu
tho
thoa
thoai
thoam
thoan
thoang
thoanh
thoay
thoe
thoem
thoen
thoi
thom
thon
thong
thoà
thoài
thoàm
thoàn
thoàng
thoành
thoày
thoá
thoác
thoách
thoái
thoám
thoán
thoáng
thoánh
thoáp
thoát
thoáy
thoã
thoãi
thoãm
thoãn
thoãng
thoãnh
thoãy
thoạ
thoạc
thoạch
thoại
thoạm
thoạn
thoạng
thoạnh
thoạp
thoạt
thoạy
thoả
thoải
thoảm
thoản
thoảng
thoảnh
thoảy
thu
thua
thui
thum
thun
thung
thuy
thuyn
thuynh
thuyên
thuyến
thuyết
thuyền
thuyển
thuyễn
thuyện
thuyệt
thuân
thuây
thuê
thuênh
thuôi
thuôm
thuôn
thuông
thuý
thuấn
thuất
thuấy
thuần
thuầy
thuẩn
thuẩy
thuẫn
thuẫy
thuận
thuật
thuậy
thuế
thuếch
thuếnh
thuết
thuề
thuềnh
thuể
thuểnh
thuễ
thuễnh
thuệ
thuệch
thuệnh
thuệt
thuốc
thuối
thuốm
thuốn
thuống
thuốt
thuồi
thuồm
thuồn
thuồng
thuổi
thuổm
thuổn
thuổng
thuỗi
thuỗm
thuỗn
thuỗng
thuộc
thuội
thuộm
thuộn
thuộng
thuột
thuỳ
thuỵ
thuỷ
thuỹ
thy
thya
thynh
thya2
thya1
thya4
thyêm
thyên
thyêng
thyêu
thya5
thya3
thyếm
thyến
thyếng
thyếp
thyết
thyếu
thyềm
thyền
thyềng
thyều
thyểm
thyển
thyểng
thyểu
thyễm
thyễn
thyễng
thyễu
thyệm
thyện
thyệng
thyệp
thyệt
thyệu
thà
thài
thàm
thàn
thàng
thành
thào
thàu
thày
thá
thác
thách
thái
thám
thán
tháng
thánh
tháo
tháp
thát
tháu
tháy
thâ
thâm
thân
thâng
thâu
thây
thã
thãi
thãm
thãn
thãng
thãnh
thão
thãu
thãy
thè
thèm
thèn
thèng
thé
théc
thém
thén
théng
thép
thét
thê
thêm
thên
thênh
thêu
thì
thìa
thìm
thìn
thình
thìu
thí
thía
thích
thím
thín
thính
thíp
thít
thíu
thò
thoè
thoèm
thoèn
thòi
thòm
thòn
thòng
thó
thóc
thoé
thoém
thoén
thói
thóm
thón
thóng
thóp
thót
thô
thôi
thôm
thôn
thông
thõ
thoẽ
thoẽm
thoẽn
thõi
thõm
thõn
thõng
thù
thùa
thùi
thùm
thùn
thùng
thuỳn
thuỳnh
thú
thúa
thúc
thúi
thuích
thúm
thún
thúng
thúp
thút
thuýn
thuýnh
thuýp
thuýt
thý
thých
thýnh
thă
thăm
thăn
thăng
thĩ
thĩa
thĩm
thĩn
thĩnh
thĩu
thũ
thũa
thũi
thũm
thũn
thũng
thuỹn
thuỹnh
thơ
thơi
thơm
thơn
thư
thưa
thưi
thưm
thưn
thưng
thưu
thươi
thươm
thươn
thương
thước
thưới
thướm
thướn
thướng
thướp
thướt
thười
thườm
thườn
thường
thưởi
thưởm
thưởn
thưởng
thưỡi
thưỡm
thưỡn
thưỡng
thược
thượi
thượm
thượn
thượng
thượp
thượt
thạ
thạc
thạch
thại
thạm
thạn
thạng
thạnh
thạo
thạp
thạt
thạu
thạy
thả
thải
thảm
thản
thảng
thảnh
thảo
thảu
thảy
thấ
thấc
thấm
thấn
thấng
thấp
thất
thấu
thấy
thầ
thầm
thần
thầng
thầu
thầy
thẩ
thẩm
thẩn
thẩng
thẩu
thẩy
thẫ
thẫm
thẫn
thẫng
thẫu
thẫy
thậ
thậc
thậm
thận
thậng
thập
thật
thậu
thậy
thắ
thắc
thắm
thắn
thắng
thắp
thắt
thằ
thằm
thằn
thằng
thẳ
thẳm
thẳn
thẳng
thẵ
thẵm
thẵn
thẵng
thặ
thặc
thặm
thặn
thặng
thặp
thặt
thẹ
thẹc
thẹm
thẹn
thẹng
thẹp
thẹt
thẻ
thẻm
thẻn
thẻng
thẽ
thẽm
thẽn
thẽng
thế
thếch
thếm
thến
thếnh
thếp
thết
thếu
thề
thềm
thền
thềnh
thều
thể
thểm
thển
thểnh
thểu
thễ
thễm
thễn
thễnh
thễu
thệ
thệch
thệm
thện
thệnh
thệp
thệt
thệu
thỉ
thỉa
thỉm
thỉn
thỉnh
thỉu
thị
thịa
thịch
thịm
thịn
thịnh
thịp
thịt
thịu
thọ
thọc
thoẹ
thoẹm
thoẹn
thọi
thọm
thọn
thọng
thọp
thọt
thỏ
thoẻ
thoẻm
thoẻn
thỏi
thỏm
thỏn
thỏng
thố
thốc
thối
thốm
thốn
thống
thốp
thốt
thồ
thồi
thồm
thồn
thồng
thổ
thổi
thổm
thổn
thổng
thỗ
thỗi
thỗm
thỗn
thỗng
thộ
thộc
thội
thộm
thộn
thộng
thộp
thột
thớ
thới
thớm
thớn
thớp
thớt
thờ
thời
thờm
thờn
thở
thởi
thởm
thởn
thỡ
thỡi
thỡm
thỡn
thợ
thợi
thợm
thợn
thợp
thợt
thụ
thụa
thục
thụi
thuịch
thụm
thụn
thụng
thụp
thụt
thuỵn
thuỵnh
thuỵp
thuỵt
thủ
thủa
thủi
thủm
thủn
thủng
thuỷn
thuỷnh
thứ
thứa
thức
thứi
thứm
thứn
thứng
thứp
thứt
thứu
thừ
thừa
thừi
thừm
thừn
thừng
thừu
thử
thửa
thửi
thửm
thửn
thửng
thửu
thữ
thữa
thữi
thữm
thữn
thững
thữu
thự
thựa
thực
thựi
thựm
thựn
thựng
thựp
thựt
thựu
thỳ
thỳnh
thỵ
thỵch
thỵnh
thỷ
thỷnh
thỹ
thỹnh
ti
tia
tim
tin
tinh
tiu
tiêm
tiên
tiêng
tiêu
tiếc
tiếm
tiến
tiếng
tiếp
tiết
tiếu
tiềm
tiền
tiềng
tiều
tiểm
tiển
tiểng
tiểu
tiễm
tiễn
tiễng
tiễu
tiệc
tiệm
tiện
tiệng
tiệp
tiệt
tiệu
to
toa
toai
toam
toan
toang
toanh
toay
toe
toem
toen
toi
tom
ton
tong
toà
toài
toàm
toàn
toàng
toành
toày
toá
toác
toách
toái
toám
toán
toáng
toánh
toáp
toát
toáy
toã
toãi
toãm
toãn
toãng
toãnh
toãy
toạ
toạc
toạch
toại
toạm
toạn
toạng
toạnh
toạp
toạt
toạy
toả
toải
toảm
toản
toảng
toảnh
toảy
tra
trai
tram
tran
trang
tranh
trao
trau
tray
tre
trem
tren
treng
treo
trèo
tréo
trẽo
trẹo
trẻo
tri
tria
trim
trin
trinh
triu
triêm
triên
triêng
triêu
triếc
triếm
triến
triếng
triếp
triết
triếu
triềm
triền
triềng
triều
triểm
triển
triểng
triểu
triễm
triễn
triễng
triễu
triệc
triệm
triện
triệng
triệp
triệt
triệu
tro
troa
troai
troam
troan
troang
troanh
troay
troe
troem
troen
troi
trom
tron
trong
troà
troài
troàm
troàn
troàng
troành
troày
troá
troác
troách
troái
troám
troán
troáng
troánh
troáp
troát
troáy
troã
troãi
troãm
troãn
troãng
troãnh
troãy
troạ
troạc
troạch
troại
troạm
troạn
troạng
troạnh
troạp
troạt
troạy
troả
troải
troảm
troản
troảng
troảnh
troảy
tru
trua
trui
trum
trun
trung
truy
truyn
truynh
truyên
truyến
truyết
truyền
truyển
truyễn
truyện
truyệt
truân
truây
truê
truênh
truôi
truôm
truôn
truông
truý
truấn
truất
truấy
truần
truầy
truẩn
truẩy
truẫn
truẫy
truận
truật
truậy
truế
truếch
truếnh
truết
truề
truềnh
truể
truểnh
truễ
truễnh
truệ
truệch
truệnh
truệt
truốc
truối
truốm
truốn
truống
truốt
truồi
truồm
truồn
truồng
truổi
truổm
truổn
truổng
truỗi
truỗm
truỗn
truỗng
truộc
truội
truộm
truộn
truộng
truột
truỳ
truỵ
truỷ
truỹ
try
trya
trynh
trya2
trya1
trya4
tryêm
tryên
tryêng
tryêu
trya5
trya3
tryếm
tryến
tryếng
tryếp
tryết
tryếu
tryềm
tryền
tryềng
tryều
tryểm
tryển
tryểng
tryểu
tryễm
tryễn
tryễng
tryễu
tryệm
tryện
tryệng
tryệp
tryệt
tryệu
trà
trài
tràm
tràn
tràng
trành
trào
tràu
trày
trá
trác
trách
trái
trám
trán
tráng
tránh
tráo
tráp
trát
tráu
tráy
trâ
trâm
trân
trâng
trâu
trây
trã
trãi
trãm
trãn
trãng
trãnh
trão
trãu
trãy
trè
trèm
trèn
trèng
tré
tréc
trém
trén
tréng
trép
trét
trê
trêm
trên
trênh
trêu
trì
trìa
trìm
trìn
trình
trìu
trí
tría
trích
trím
trín
trính
tríp
trít
tríu
trò
troè
troèm
troèn
tròi
tròm
tròn
tròng
tró
tróc
troé
troém
troén
trói
tróm
trón
tróng
tróp
trót
trô
trôi
trôm
trôn
trông
trõ
troẽ
troẽm
troẽn
trõi
trõm
trõn
trõng
trù
trùa
trùi
trùm
trùn
trùng
truỳn
truỳnh
trú
trúa
trúc
trúi
truích
trúm
trún
trúng
trúp
trút
truýn
truýnh
truýp
truýt
trý
trých
trýnh
tră
trăm
trăn
trăng
trĩ
trĩa
trĩm
trĩn
trĩnh
trĩu
trũ
trũa
trũi
trũm
trũn
trũng
truỹn
truỹnh
trơ
trơi
trơm
trơn
trư
trưa
trưi
trưm
trưn
trưng
trưu
trươi
trươm
trươn
trương
trước
trưới
trướm
trướn
trướng
trướp
trướt
trười
trườm
trườn
trường
trưởi
trưởm
trưởn
trưởng
trưỡi
trưỡm
trưỡn
trưỡng
trược
trượi
trượm
trượn
trượng
trượp
trượt
trạ
trạc
trạch
trại
trạm
trạn
trạng
trạnh
trạo
trạp
trạt
trạu
trạy
trả
trải
trảm
trản
trảng
trảnh
trảo
trảu
trảy
trấ
trấc
trấm
trấn
trấng
trấp
trất
trấu
trấy
trầ
trầm
trần
trầng
trầu
trầy
trẩ
trẩm
trẩn
trẩng
trẩu
trẩy
trẫ
trẫm
trẫn
trẫng
trẫu
trẫy
trậ
trậc
trậm
trận
trậng
trập
trật
trậu
trậy
trắ
trắc
trắm
trắn
trắng
trắp
trắt
trằ
trằm
trằn
trằng
trẳ
trẳm
trẳn
trẳng
trẵ
trẵm
trẵn
trẵng
trặ
trặc
trặm
trặn
trặng
trặp
trặt
trẹ
trẹc
trẹm
trẹn
trẹng
trẹp
trẹt
trẻ
trẻm
trẻn
trẻng
trẽ
trẽm
trẽn
trẽng
trế
trếch
trếm
trến
trếnh
trếp
trết
trếu
trề
trềm
trền
trềnh
trều
trể
trểm
trển
trểnh
trểu
trễ
trễm
trễn
trễnh
trễu
trệ
trệch
trệm
trện
trệnh
trệp
trệt
trệu
trỉ
trỉa
trỉm
trỉn
trỉnh
trỉu
trị
trịa
trịch
trịm
trịn
trịnh
trịp
trịt
trịu
trọ
trọc
troẹ
troẹm
troẹn
trọi
trọm
trọn
trọng
trọp
trọt
trỏ
troẻ
troẻm
troẻn
trỏi
trỏm
trỏn
trỏng
trố
trốc
trối
trốm
trốn
trống
trốp
trốt
trồ
trồi
trồm
trồn
trồng
trổ
trổi
trổm
trổn
trổng
trỗ
trỗi
trỗm
trỗn
trỗng
trộ
trộc
trội
trộm
trộn
trộng
trộp
trột
trớ
trới
trớm
trớn
trớp
trớt
trờ
trời
trờm
trờn
trở
trởi
trởm
trởn
trỡ
trỡi
trỡm
trỡn
trợ
trợi
trợm
trợn
trợp
trợt
trụ
trụa
trục
trụi
truịch
trụm
trụn
trụng
trụp
trụt
truỵn
truỵnh
truỵp
truỵt
trủ
trủa
trủi
trủm
trủn
trủng
truỷn
truỷnh
trứ
trứa
trức
trứi
trứm
trứn
trứng
trứp
trứt
trứu
trừ
trừa
trừi
trừm
trừn
trừng
trừu
trử
trửa
trửi
trửm
trửn
trửng
trửu
trữ
trữa
trữi
trữm
trữn
trững
trữu
trự
trựa
trực
trựi
trựm
trựn
trựng
trựp
trựt
trựu
trỳ
trỳnh
trỵ
trỵch
trỵnh
trỷ
trỷnh
trỹ
trỹnh
tu
tua
tui
tum
tun
tung
tuy
tuyn
tuynh
tuyên
tuyến
tuyết
tuyền
tuyển
tuyễn
tuyện
tuyệt
tuân
tuây
tuê
tuênh
tuôi
tuôm
tuôn
tuông
tuý
tuấn
tuất
tuấy
tuần
tuầy
tuẩn
tuẩy
tuẫn
tuẫy
tuận
tuật
tuậy
tuế
tuếch
tuếnh
tuết
tuề
tuềnh
tuể
tuểnh
tuễ
tuễnh
tuệ
tuệch
tuệnh
tuệt
tuốc
tuối
tuốm
tuốn
tuống
tuốt
tuồi
tuồm
tuồn
tuồng
tuổi
tuổm
tuổn
tuổng
tuỗi
tuỗm
tuỗn
tuỗng
tuộc
tuội
tuộm
tuộn
tuộng
tuột
tuỳ
tuỵ
tuỷ
tuỹ
ty
tya
tynh
tya2
tya1
tya4
tyêm
tyên
tyêng
tyêu
tya5
tya3
tyếm
tyến
tyếng
tyếp
tyết
tyếu
tyềm
tyền
tyềng
tyều
tyểm
tyển
tyểng
tyểu
tyễm
tyễn
tyễng
tyễu
tyệm
tyện
tyệng
tyệp
tyệt
tyệu
tà
tài
tàm
tàn
tàng
tành
tào
tàu
tày
tá
tác
tách
tái
tám
tán
táng
tánh
táo
táp
tát
táu
táy
tâ
tâm
tân
tâng
tâu
tây
tã
tãi
tãm
tãn
tãng
tãnh
tão
tãu
tãy
tè
tèm
tèn
tèng
té
téc
tém
tén
téng
tép
tét
tê
têm
tên
tênh
têu
tì
tìa
tìm
tìn
tình
tìu
tí
tía
tích
tím
tín
tính
típ
tít
tíu
tò
toè
toèm
toèn
tòi
tòm
tòn
tòng
tó
tóc
toé
toém
toén
tói
tóm
tón
tóng
tóp
tót
tô
tôi
tôm
tôn
tông
tõ
toẽ
toẽm
toẽn
tõi
tõm
tõn
tõng
tù
tùa
tùi
tùm
tùn
tùng
tuỳn
tuỳnh
tú
túa
túc
túi
tuích
túm
tún
túng
túp
tút
tuýn
tuýnh
tuýp
tuýt
tý
tých
týnh
tă
tăm
tăn
tăng
tĩ
tĩa
tĩm
tĩn
tĩnh
tĩu
tũ
tũa
tũi
tũm
tũn
tũng
tuỹn
tuỹnh
tơ
tơi
tơm
tơn
tư
tưa
tưi
tưm
tưn
tưng
tưu
tươi
tươm
tươn
tương
tước
tưới
tướm
tướn
tướng
tướp
tướt
tười
tườm
tườn
tường
tưởi
tưởm
tưởn
tưởng
tưỡi
tưỡm
tưỡn
tưỡng
tược
tượi
tượm
tượn
tượng
tượp
tượt
tạ
tạc
tạch
tại
tạm
tạn
tạng
tạnh
tạo
tạp
tạt
tạu
tạy
tả
tải
tảm
tản
tảng
tảnh
tảo
tảu
tảy
tấ
tấc
tấm
tấn
tấng
tấp
tất
tấu
tấy
tầ
tầm
tần
tầng
tầu
tầy
tẩ
tẩm
tẩn
tẩng
tẩu
tẩy
tẫ
tẫm
tẫn
tẫng
tẫu
tẫy
tậ
tậc
tậm
tận
tậng
tập
tật
tậu
tậy
tắ
tắc
tắm
tắn
tắng
tắp
tắt
tằ
tằm
tằn
tằng
tẳ
tẳm
tẳn
tẳng
tẵ
tẵm
tẵn
tẵng
tặ
tặc
tặm
tặn
tặng
tặp
tặt
tẹ
tẹc
tẹm
tẹn
tẹng
tẹp
tẹt
tẻ
tẻm
tẻn
tẻng
tẽ
tẽm
tẽn
tẽng
tế
tếch
tếm
tến
tếnh
tếp
tết
tếu
tề
tềm
tền
tềnh
tều
tể
tểm
tển
tểnh
tểu
tễ
tễm
tễn
tễnh
tễu
tệ
tệch
tệm
tện
tệnh
tệp
tệt
tệu
tỉ
tỉa
tỉm
tỉn
tỉnh
tỉu
tị
tịa
tịch
tịm
tịn
tịnh
tịp
tịt
tịu
tọ
tọc
toẹ
toẹm
toẹn
tọi
tọm
tọn
tọng
tọp
tọt
tỏ
toẻ
toẻm
toẻn
tỏi
tỏm
tỏn
tỏng
tố
tốc
tối
tốm
tốn
tống
tốp
tốt
tồ
tồi
tồm
tồn
tồng
tổ
tổi
tổm
tổn
tổng
tỗ
tỗi
tỗm
tỗn
tỗng
tộ
tộc
tội
tộm
tộn
tộng
tộp
tột
tớ
tới
tớm
tớn
tớp
tớt
tờ
tời
tờm
tờn
tở
tởi
tởm
tởn
tỡ
tỡi
tỡm
tỡn
tợ
tợi
tợm
tợn
tợp
tợt
tụ
tụa
tục
tụi
tuịch
tụm
tụn
tụng
tụp
tụt
tuỵn
tuỵnh
tuỵp
tuỵt
tủ
tủa
tủi
tủm
tủn
tủng
tuỷn
tuỷnh
tứ
tứa
tức
tứi
tứm
tứn
tứng
tứp
tứt
tứu
từ
từa
từi
từm
từn
từng
từu
tử
tửa
tửi
tửm
tửn
tửng
tửu
tữ
tữa
tữi
tữm
tữn
tững
tữu
tự
tựa
tực
tựi
tựm
tựn
tựng
tựp
tựt
tựu
tỳ
tỳnh
tỵ
tỵch
tỵnh
tỷ
tỷnh
tỹ
tỹnh
u
ua
ui
um
un
ung
uy
uyn
uynh
uyên
uyến
uyết
uyền
uyển
uyễn
uyện
uyệt
uân
uây
uê
uênh
uôi
uôm
uôn
uông
uý
uấn
uất
uấy
uần
uầy
uẩn
uẩy
uẫn
uẫy
uận
uật
uậy
uế
uếch
uếnh
uết
uề
uềnh
uể
uểnh
uễ
uễnh
uệ
uệch
uệnh
uệt
uốc
uối
uốm
uốn
uống
uốt
uồi
uồm
uồn
uồng
uổi
uổm
uổn
uổng
uỗi
uỗm
uỗn
uỗng
uộc
uội
uộm
uộn
uộng
uột
uỳ
uỵ
uỷ
uỹ
va
vai
vam
van
vang
vanh
vao
vau
vay
ve
vem
ven
veng
veo
vèo
véo
vẽo
vẹo
vẻo
vi
via
vim
vin
vinh
viu
viêm
viên
viêng
viêu
viếc
viếm
viến
viếng
viếp
viết
viếu
viềm
viền
viềng
viều
viểm
viển
viểng
viểu
viễm
viễn
viễng
viễu
việc
việm
viện
việng
việp
việt
việu
vo
voa
voai
voam
voan
voang
voanh
voay
voe
voem
voen
voi
vom
von
vong
voà
voài
voàm
voàn
voàng
voành
voày
voá
voác
voách
voái
voám
voán
voáng
voánh
voáp
voát
voáy
voã
voãi
voãm
voãn
voãng
voãnh
voãy
voạ
voạc
voạch
voại
voạm
voạn
voạng
voạnh
voạp
voạt
voạy
voả
voải
voảm
voản
voảng
voảnh
voảy
vu
vua
vui
vum
vun
vung
vuy
vuyn
vuynh
vuyên
vuyến
vuyết
vuyền
vuyển
vuyễn
vuyện
vuyệt
vuân
vuây
vuê
vuênh
vuôi
vuôm
vuôn
vuông
vuý
vuấn
vuất
vuấy
vuần
vuầy
vuẩn
vuẩy
vuẫn
vuẫy
vuận
vuật
vuậy
vuế
vuếch
vuếnh
vuết
vuề
vuềnh
vuể
vuểnh
vuễ
vuễnh
vuệ
vuệch
vuệnh
vuệt
vuốc
vuối
vuốm
vuốn
vuống
vuốt
vuồi
vuồm
vuồn
vuồng
vuổi
vuổm
vuổn
vuổng
vuỗi
vuỗm
vuỗn
vuỗng
vuộc
vuội
vuộm
vuộn
vuộng
vuột
vuỳ
vuỵ
vuỷ
vuỹ
vy
vya
vynh
vya2
vya1
vya4
vyêm
vyên
vyêng
vyêu
vya5
vya3
vyếm
vyến
vyếng
vyếp
vyết
vyếu
vyềm
vyền
vyềng
vyều
vyểm
vyển
vyểng
vyểu
vyễm
vyễn
vyễng
vyễu
vyệm
vyện
vyệng
vyệp
vyệt
vyệu
và
vài
vàm
vàn
vàng
vành
vào
vàu
vày
vá
vác
vách
vái
vám
ván
váng
vánh
váo
váp
vát
váu
váy
vâ
vâm
vân
vâng
vâu
vây
vã
vãi
vãm
vãn
vãng
vãnh
vão
vãu
vãy
vè
vèm
vèn
vèng
vé
véc
vém
vén
véng
vép
vét
vê
vêm
vên
vênh
vêu
vì
vìa
vìm
vìn
vình
vìu
ví
vía
vích
vím
vín
vính
víp
vít
víu
vò
voè
voèm
voèn
vòi
vòm
vòn
vòng
vó
vóc
voé
voém
voén
vói
vóm
vón
vóng
vóp
vót
vô
vôi
vôm
vôn
vông
võ
voẽ
voẽm
voẽn
või
võm
võn
võng
vù
vùa
vùi
vùm
vùn
vùng
vuỳn
vuỳnh
vú
vúa
vúc
vúi
vuích
vúm
vún
vúng
vúp
vút
vuýn
vuýnh
vuýp
vuýt
vý
vých
výnh
vă
văm
văn
văng
vĩ
vĩa
vĩm
vĩn
vĩnh
vĩu
vũ
vũa
vũi
vũm
vũn
vũng
vuỹn
vuỹnh
vơ
vơi
vơm
vơn
vư
vưa
vưi
vưm
vưn
vưng
vưu
vươi
vươm
vươn
vương
vước
vưới
vướm
vướn
vướng
vướp
vướt
vười
vườm
vườn
vường
vưởi
vưởm
vưởn
vưởng
vưỡi
vưỡm
vưỡn
vưỡng
vược
vượi
vượm
vượn
vượng
vượp
vượt
vạ
vạc
vạch
vại
vạm
vạn
vạng
vạnh
vạo
vạp
vạt
vạu
vạy
vả
vải
vảm
vản
vảng
vảnh
vảo
vảu
vảy
vấ
vấc
vấm
vấn
vấng
vấp
vất
vấu
vấy
vầ
vầm
vần
vầng
vầu
vầy
vẩ
vẩm
vẩn
vẩng
vẩu
vẩy
vẫ
vẫm
vẫn
vẫng
vẫu
vẫy
vậ
vậc
vậm
vận
vậng
vập
vật
vậu
vậy
vắ
vắc
vắm
vắn
vắng
vắp
vắt
vằ
vằm
vằn
vằng
vẳ
vẳm
vẳn
vẳng
vẵ
vẵm
vẵn
vẵng
vặ
vặc
vặm
vặn
vặng
vặp
vặt
vẹ
vẹc
vẹm
vẹn
vẹng
vẹp
vẹt
vẻ
vẻm
vẻn
vẻng
vẽ
vẽm
vẽn
vẽng
vế
vếch
vếm
vến
vếnh
vếp
vết
vếu
về
vềm
vền
vềnh
vều
vể
vểm
vển
vểnh
vểu
vễ
vễm
vễn
vễnh
vễu
vệ
vệch
vệm
vện
vệnh
vệp
vệt
vệu
vỉ
vỉa
vỉm
vỉn
vỉnh
vỉu
vị
vịa
vịch
vịm
vịn
vịnh
vịp
vịt
vịu
vọ
vọc
voẹ
voẹm
voẹn
vọi
vọm
vọn
vọng
vọp
vọt
vỏ
voẻ
voẻm
voẻn
vỏi
vỏm
vỏn
vỏng
vố
vốc
vối
vốm
vốn
vống
vốp
vốt
vồ
vồi
vồm
vồn
vồng
vổ
vổi
vổm
vổn
vổng
vỗ
vỗi
vỗm
vỗn
vỗng
vộ
vộc
vội
vộm
vộn
vộng
vộp
vột
vớ
với
vớm
vớn
vớp
vớt
vờ
vời
vờm
vờn
vở
vởi
vởm
vởn
vỡ
vỡi
vỡm
vỡn
vợ
vợi
vợm
vợn
vợp
vợt
vụ
vụa
vục
vụi
vuịch
vụm
vụn
vụng
vụp
vụt
vuỵn
vuỵnh
vuỵp
vuỵt
vủ
vủa
vủi
vủm
vủn
vủng
vuỷn
vuỷnh
vứ
vứa
vức
vứi
vứm
vứn
vứng
vứp
vứt
vứu
vừ
vừa
vừi
vừm
vừn
vừng
vừu
vử
vửa
vửi
vửm
vửn
vửng
vửu
vữ
vữa
vữi
vữm
vữn
vững
vữu
vự
vựa
vực
vựi
vựm
vựn
vựng
vựp
vựt
vựu
vỳ
vỳnh
vỵ
vỵch
vỵnh
vỷ
vỷnh
vỹ
vỹnh
xa
xai
xam
xan
xang
xanh
xao
xau
xay
xe
xem
xen
xeng
xeo
xèo
xéo
xẽo
xẹo
xẻo
xi
xia
xim
xin
xinh
xiu
xiêm
xiên
xiêng
xiêu
xiếc
xiếm
xiến
xiếng
xiếp
xiết
xiếu
xiềm
xiền
xiềng
xiều
xiểm
xiển
xiểng
xiểu
xiễm
xiễn
xiễng
xiễu
xiệc
xiệm
xiện
xiệng
xiệp
xiệt
xiệu
xo
xoa
xoai
xoam
xoan
xoang
xoanh
xoay
xoe
xoem
xoen
xoi
xom
xon
xong
xoà
xoài
xoàm
xoàn
xoàng
xoành
xoày
xoá
xoác
xoách
xoái
xoám
xoán
xoáng
xoánh
xoáp
xoát
xoáy
xoã
xoãi
xoãm
xoãn
xoãng
xoãnh
xoãy
xoạ
xoạc
xoạch
xoại
xoạm
xoạn
xoạng
xoạnh
xoạp
xoạt
xoạy
xoả
xoải
xoảm
xoản
xoảng
xoảnh
xoảy
xu
xua
xui
xum
xun
xung
xuy
xuyn
xuynh
xuyên
xuyến
xuyết
xuyền
xuyển
xuyễn
xuyện
xuyệt
xuân
xuây
xuê
xuênh
xuôi
xuôm
xuôn
xuông
xuý
xuấn
xuất
xuấy
xuần
xuầy
xuẩn
xuẩy
xuẫn
xuẫy
xuận
xuật
xuậy
xuế
xuếch
xuếnh
xuết
xuề
xuềnh
xuể
xuểnh
xuễ
xuễnh
xuệ
xuệch
xuệnh
xuệt
xuốc
xuối
xuốm
xuốn
xuống
xuốt
xuồi
xuồm
xuồn
xuồng
xuổi
xuổm
xuổn
xuổng
xuỗi
xuỗm
xuỗn
xuỗng
xuộc
xuội
xuộm
xuộn
xuộng
xuột
xuỳ
xuỵ
xuỷ
xuỹ
xy
xya
xynh
xya2
xya1
xya4
xyêm
xyên
xyêng
xyêu
xya5
xya3
xyếm
xyến
xyếng
xyếp
xyết
xyếu
xyềm
xyền
xyềng
xyều
xyểm
xyển
xyểng
xyểu
xyễm
xyễn
xyễng
xyễu
xyệm
xyện
xyệng
xyệp
xyệt
xyệu
xà
xài
xàm
xàn
xàng
xành
xào
xàu
xày
xá
xác
xách
xái
xám
xán
xáng
xánh
xáo
xáp
xát
xáu
xáy
xâ
xâm
xân
xâng
xâu
xây
xã
xãi
xãm
xãn
xãng
xãnh
xão
xãu
xãy
xè
xèm
xèn
xèng
xé
xéc
xém
xén
xéng
xép
xét
xê
xêm
xên
xênh
xêu
xì
xìa
xìm
xìn
xình
xìu
xí
xía
xích
xím
xín
xính
xíp
xít
xíu
xò
xoè
xoèm
xoèn
xòi
xòm
xòn
xòng
xó
xóc
xoé
xoém
xoén
xói
xóm
xón
xóng
xóp
xót
xô
xôi
xôm
xôn
xông
xõ
xoẽ
xoẽm
xoẽn
xõi
xõm
xõn
xõng
xù
xùa
xùi
xùm
xùn
xùng
xuỳn
xuỳnh
xú
xúa
xúc
xúi
xuích
xúm
xún
xúng
xúp
xút
xuýn
xuýnh
xuýp
xuýt
xý
xých
xýnh
xă
xăm
xăn
xăng
xĩ
xĩa
xĩm
xĩn
xĩnh
xĩu
xũ
xũa
xũi
xũm
xũn
xũng
xuỹn
xuỹnh
xơ
xơi
xơm
xơn
xư
xưa
xưi
xưm
xưn
xưng
xưu
xươi
xươm
xươn
xương
xước
xưới
xướm
xướn
xướng
xướp
xướt
xười
xườm
xườn
xường
xưởi
xưởm
xưởn
xưởng
xưỡi
xưỡm
xưỡn
xưỡng
xược
xượi
xượm
xượn
xượng
xượp
xượt
xạ
xạc
xạch
xại
xạm
xạn
xạng
xạnh
xạo
xạp
xạt
xạu
xạy
xả
xải
xảm
xản
xảng
xảnh
xảo
xảu
xảy
xấ
xấc
xấm
xấn
xấng
xấp
xất
xấu
xấy
xầ
xầm
xần
xầng
xầu
xầy
xẩ
xẩm
xẩn
xẩng
xẩu
xẩy
xẫ
xẫm
xẫn
xẫng
xẫu
xẫy
xậ
xậc
xậm
xận
xậng
xập
xật
xậu
xậy
xắ
xắc
xắm
xắn
xắng
xắp
xắt
xằ
xằm
xằn
xằng
xẳ
xẳm
xẳn
xẳng
xẵ
xẵm
xẵn
xẵng
xặ
xặc
xặm
xặn
xặng
xặp
xặt
xẹ
xẹc
xẹm
xẹn
xẹng
xẹp
xẹt
xẻ
xẻm
xẻn
xẻng
xẽ
xẽm
xẽn
xẽng
xế
xếch
xếm
xến
xếnh
xếp
xết
xếu
xề
xềm
xền
xềnh
xều
xể
xểm
xển
xểnh
xểu
xễ
xễm
xễn
xễnh
xễu
xệ
xệch
xệm
xện
xệnh
xệp
xệt
xệu
xỉ
xỉa
xỉm
xỉn
xỉnh
xỉu
xị
xịa
xịch
xịm
xịn
xịnh
xịp
xịt
xịu
xọ
xọc
xoẹ
xoẹm
xoẹn
xọi
xọm
xọn
xọng
xọp
xọt
xỏ
xoẻ
xoẻm
xoẻn
xỏi
xỏm
xỏn
xỏng
xố
xốc
xối
xốm
xốn
xống
xốp
xốt
xồ
xồi
xồm
xồn
xồng
xổ
xổi
xổm
xổn
xổng
xỗ
xỗi
xỗm
xỗn
xỗng
xộ
xộc
xội
xộm
xộn
xộng
xộp
xột
xớ
xới
xớm
xớn
xớp
xớt
xờ
xời
xờm
xờn
xở
xởi
xởm
xởn
xỡ
xỡi
xỡm
xỡn
xợ
xợi
xợm
xợn
xợp
xợt
xụ
xụa
xục
xụi
xuịch
xụm
xụn
xụng
xụp
xụt
xuỵn
xuỵnh
xuỵp
xuỵt
xủ
xủa
xủi
xủm
xủn
xủng
xuỷn
xuỷnh
xứ
xứa
xức
xứi
xứm
xứn
xứng
xứp
xứt
xứu
xừ
xừa
xừi
xừm
xừn
xừng
xừu
xử
xửa
xửi
xửm
xửn
xửng
xửu
xữ
xữa
xữi
xữm
xữn
xững
xữu
xự
xựa
xực
xựi
xựm
xựn
xựng
xựp
xựt
xựu
xỳ
xỳnh
xỵ
xỵch
xỵnh
xỷ
xỷnh
xỹ
xỹnh
y
ya
ynh
ya2
ya1
ya4
yêm
yên
yêng
yêu
ya5
ya3
yếm
yến
yếng
yếp
yết
yếu
yềm
yền
yềng
yều
yểm
yển
yểng
yểu
yễm
yễn
yễng
yễu
yệm
yện
yệng
yệp
yệt
yệu
à
ài
àm
àn
àng
ành
ào
àu
ày
á
ác
ách
ái
ám
án
áng
ánh
áo
áp
át
áu
áy
â
âm
ân
âng
âu
ây
ã
ãi
ãm
ãn
ãng
ãnh
ão
ãu
ãy
è
èm
èn
èng
é
éc
ém
én
éng
ép
ét
ê
êm
ên
ênh
êu
ì
ìa
ìm
ìn
ình
ìu
í
ía
ích
ím
ín
ính
íp
ít
íu
ò
oè
oèm
oèn
òi
òm
òn
òng
ó
óc
oé
oém
oén
ói
óm
ón
óng
óp
ót
ô
ôi
ôm
ôn
ông
õ
oẽ
oẽm
oẽn
õi
õm
õn
õng
ù
ùa
ùi
ùm
ùn
ùng
uỳn
uỳnh
ú
úa
úc
úi
uích
úm
ún
úng
úp
út
uýn
uýnh
uýp
uýt
ý
ých
ýnh
ă
ăm
ăn
ăng
đa
đai
đam
đan
đang
đanh
đao
đau
đay
đe
đem
đen
đeng
đeo
đèo
đéo
đẽo
đẹo
đẻo
đi
đia
đim
đin
đinh
điu
điêm
điên
điêng
điêu
điếc
điếm
điến
điếng
điếp
điết
điếu
điềm
điền
điềng
điều
điểm
điển
điểng
điểu
điễm
điễn
điễng
điễu
điệc
điệm
điện
điệng
điệp
điệt
điệu
đo
đoa
đoai
đoam
đoan
đoang
đoanh
đoay
đoe
đoem
đoen
đoi
đom
đon
đong
đoà
đoài
đoàm
đoàn
đoàng
đoành
đoày
đoá
đoác
đoách
đoái
đoám
đoán
đoáng
đoánh
đoáp
đoát
đoáy
đoã
đoãi
đoãm
đoãn
đoãng
đoãnh
đoãy
đoạ
đoạc
đoạch
đoại
đoạm
đoạn
đoạng
đoạnh
đoạp
đoạt
đoạy
đoả
đoải
đoảm
đoản
đoảng
đoảnh
đoảy
đu
đua
đui
đum
đun
đung
đuy
đuyn
đuynh
đuyên
đuyến
đuyết
đuyền
đuyển
đuyễn
đuyện
đuyệt
đuân
đuây
đuê
đuênh
đuôi
đuôm
đuôn
đuông
đuý
đuấn
đuất
đuấy
đuần
đuầy
đuẩn
đuẩy
đuẫn
đuẫy
đuận
đuật
đuậy
đuế
đuếch
đuếnh
đuết
đuề
đuềnh
đuể
đuểnh
đuễ
đuễnh
đuệ
đuệch
đuệnh
đuệt
đuốc
đuối
đuốm
đuốn
đuống
đuốt
đuồi
đuồm
đuồn
đuồng
đuổi
đuổm
đuổn
đuổng
đuỗi
đuỗm
đuỗn
đuỗng
đuộc
đuội
đuộm
đuộn
đuộng
đuột
đuỳ
đuỵ
đuỷ
đuỹ
đy
đya
đynh
đya2
đya1
đya4
đyêm
đyên
đyêng
đyêu
đya5
đya3
đyếm
đyến
đyếng
đyếp
đyết
đyếu
đyềm
đyền
đyềng
đyều
đyểm
đyển
đyểng
đyểu
đyễm
đyễn
đyễng
đyễu
đyệm
đyện
đyệng
đyệp
đyệt
đyệu
đà
đài
đàm
đàn
đàng
đành
đào
đàu
đày
đá
đác
đách
đái
đám
đán
đáng
đánh
đáo
đáp
đát
đáu
đáy
đâ
đâm
đân
đâng
đâu
đây
đã
đãi
đãm
đãn
đãng
đãnh
đão
đãu
đãy
đè
đèm
đèn
đèng
đé
đéc
đém
đén
đéng
đép
đét
đê
đêm
đên
đênh
đêu
đì
đìa
đìm
đìn
đình
đìu
đí
đía
đích
đím
đín
đính
đíp
đít
đíu
đò
đoè
đoèm
đoèn
đòi
đòm
đòn
đòng
đó
đóc
đoé
đoém
đoén
đói
đóm
đón
đóng
đóp
đót
đô
đôi
đôm
đôn
đông
đõ
đoẽ
đoẽm
đoẽn
đõi
đõm
đõn
đõng
đù
đùa
đùi
đùm
đùn
đùng
đuỳn
đuỳnh
đú
đúa
đúc
đúi
đuích
đúm
đún
đúng
đúp
đút
đuýn
đuýnh
đuýp
đuýt
đý
đých
đýnh
đă
đăm
đăn
đăng
đĩ
đĩa
đĩm
đĩn
đĩnh
đĩu
đũ
đũa
đũi
đũm
đũn
đũng
đuỹn
đuỹnh
đơ
đơi
đơm
đơn
đư
đưa
đưi
đưm
đưn
đưng
đưu
đươi
đươm
đươn
đương
đước
đưới
đướm
đướn
đướng
đướp
đướt
đười
đườm
đườn
đường
đưởi
đưởm
đưởn
đưởng
đưỡi
đưỡm
đưỡn
đưỡng
được
đượi
đượm
đượn
đượng
đượp
đượt
đạ
đạc
đạch
đại
đạm
đạn
đạng
đạnh
đạo
đạp
đạt
đạu
đạy
đả
đải
đảm
đản
đảng
đảnh
đảo
đảu
đảy
đấ
đấc
đấm
đấn
đấng
đấp
đất
đấu
đấy
đầ
đầm
đần
đầng
đầu
đầy
đẩ
đẩm
đẩn
đẩng
đẩu
đẩy
đẫ
đẫm
đẫn
đẫng
đẫu
đẫy
đậ
đậc
đậm
đận
đậng
đập
đật
đậu
đậy
đắ
đắc
đắm
đắn
đắng
đắp
đắt
đằ
đằm
đằn
đằng
đẳ
đẳm
đẳn
đẳng
đẵ
đẵm
đẵn
đẵng
đặ
đặc
đặm
đặn
đặng
đặp
đặt
đẹ
đẹc
đẹm
đẹn
đẹng
đẹp
đẹt
đẻ
đẻm
đẻn
đẻng
đẽ
đẽm
đẽn
đẽng
đế
đếch
đếm
đến
đếnh
đếp
đết
đếu
đề
đềm
đền
đềnh
đều
để
đểm
đển
đểnh
đểu
đễ
đễm
đễn
đễnh
đễu
đệ
đệch
đệm
đện
đệnh
đệp
đệt
đệu
đỉ
đỉa
đỉm
đỉn
đỉnh
đỉu
đị
địa
địch
địm
địn
định
địp
địt
địu
đọ
đọc
đoẹ
đoẹm
đoẹn
đọi
đọm
đọn
đọng
đọp
đọt
đỏ
đoẻ
đoẻm
đoẻn
đỏi
đỏm
đỏn
đỏng
đố
đốc
đối
đốm
đốn
đống
đốp
đốt
đồ
đồi
đồm
đồn
đồng
đổ
đổi
đổm
đổn
đổng
đỗ
đỗi
đỗm
đỗn
đỗng
độ
độc
đội
độm
độn
động
độp
đột
đớ
đới
đớm
đớn
đớp
đớt
đờ
đời
đờm
đờn
đở
đởi
đởm
đởn
đỡ
đỡi
đỡm
đỡn
đợ
đợi
đợm
đợn
đợp
đợt
đụ
đụa
đục
đụi
đuịch
đụm
đụn
đụng
đụp
đụt
đuỵn
đuỵnh
đuỵp
đuỵt
đủ
đủa
đủi
đủm
đủn
đủng
đuỷn
đuỷnh
đứ
đứa
đức
đứi
đứm
đứn
đứng
đứp
đứt
đứu
đừ
đừa
đừi
đừm
đừn
đừng
đừu
đử
đửa
đửi
đửm
đửn
đửng
đửu
đữ
đữa
đữi
đữm
đữn
đững
đữu
đự
đựa
đực
đựi
đựm
đựn
đựng
đựp
đựt
đựu
đỳ
đỳnh
đỵ
đỵch
đỵnh
đỷ
đỷnh
đỹ
đỹnh
ĩ
ĩa
ĩm
ĩn
ĩnh
ĩu
ũ
ũa
ũi
ũm
ũn
ũng
uỹn
uỹnh
ơ
ơi
ơm
ơn
ư
ưa
ưi
ưm
ưn
ưng
ưu
ươi
ươm
ươn
ương
ước
ưới
ướm
ướn
ướng
ướp
ướt
ười
ườm
ườn
ường
ưởi
ưởm
ưởn
ưởng
ưỡi
ưỡm
ưỡn
ưỡng
ược
ượi
ượm
ượn
ượng
ượp
ượt
ạ
ạc
ạch
ại
ạm
ạn
ạng
ạnh
ạo
ạp
ạt
ạu
ạy
ả
ải
ảm
ản
ảng
ảnh
ảo
ảu
ảy
ấ
ấc
ấm
ấn
ấng
ấp
ất
ấu
ấy
ầ
ầm
ần
ầng
ầu
ầy
ẩ
ẩm
ẩn
ẩng
ẩu
ẩy
ẫ
ẫm
ẫn
ẫng
ẫu
ẫy
ậ
ậc
ậm
ận
ậng
ập
ật
ậu
ậy
ắ
ắc
ắm
ắn
ắng
ắp
ắt
ằ
ằm
ằn
ằng
ẳ
ẳm
ẳn
ẳng
ẵ
ẵm
ẵn
ẵng
ặ
ặc
ặm
ặn
ặng
ặp
ặt
ẹ
ẹc
ẹm
ẹn
ẹng
ẹp
ẹt
ẻ
ẻm
ẻn
ẻng
ẽ
ẽm
ẽn
ẽng
ế
ếch
ếm
ến
ếnh
ếp
ết
ếu
ề
ềm
ền
ềnh
ều
ể
ểm
ển
ểnh
ểu
ễ
ễm
ễn
ễnh
ễu
ệ
ệch
ệm
ện
ệnh
ệp
ệt
ệu
ỉ
ỉa
ỉm
ỉn
ỉnh
ỉu
ị
ịa
ịch
ịm
ịn
ịnh
ịp
ịt
ịu
ọ
ọc
oẹ
oẹm
oẹn
ọi
ọm
ọn
ọng
ọp
ọt
ỏ
oẻ
oẻm
oẻn
ỏi
ỏm
ỏn
ỏng
ố
ốc
ối
ốm
ốn
ống
ốp
ốt
ồ
ồi
ồm
ồn
ồng
ổ
ổi
ổm
ổn
ổng
ỗ
ỗi
ỗm
ỗn
ỗng
ộ
ộc
ội
ộm
ộn
ộng
ộp
ột
ớ
ới
ớm
ớn
ớp
ớt
ờ
ời
ờm
ờn
ở
ởi
ởm
ởn
ỡ
ỡi
ỡm
ỡn
ợ
ợi
ợm
ợn
ợp
ợt
ụ
ụa
ục
ụi
uịch
ụm
ụn
ụng
ụp
ụt
uỵn
uỵnh
uỵp
uỵt
ủ
ủa
ủi
ủm
ủn
ủng
uỷn
uỷnh
ứ
ứa
ức
ứi
ứm
ứn
ứng
ứp
ứt
ứu
ừ
ừa
ừi
ừm
ừn
ừng
ừu
ử
ửa
ửi
ửm
ửn
ửng
ửu
ữ
ữa
ữi
ữm
ữn
ững
ữu
ự
ựa
ực
ựi
ựm
ựn
ựng
ựp
ựt
ựu
ỳ
ỳnh
ỵ
ỵch
ỵnh
ỷ
ỷnh
ỹ
ỹnh
